Archive member included because of file (symbol)

/usr/lib/gcc-lib/arm-elf/3.2/be/libgcc.a(_udivsi3.o)
                              ./objs/root.o (__udivsi3)
/usr/lib/gcc-lib/arm-elf/3.2/be/libgcc.a(_umodsi3.o)
                              ./objs/root.o (__umodsi3)
/usr/lib/gcc-lib/arm-elf/3.2/be/libgcc.a(_dvmd_tls.o)
                              /usr/lib/gcc-lib/arm-elf/3.2/be/libgcc.a(_udivsi3.o) (__div0)
/usr/lib/gcc-lib/arm-elf/3.2/be/libgcc.a(_addsub_sf.o)
                              ./objs/root.o (__addsf3)
/usr/lib/gcc-lib/arm-elf/3.2/be/libgcc.a(_div_sf.o)
                              ./objs/root.o (__divsf3)
/usr/lib/gcc-lib/arm-elf/3.2/be/libgcc.a(_si_to_sf.o)
                              ./objs/root.o (__floatsisf)
/usr/lib/gcc-lib/arm-elf/3.2/be/libgcc.a(_sf_to_df.o)
                              ./objs/root.o (__extendsfdf2)
/usr/lib/gcc-lib/arm-elf/3.2/be/libgcc.a(_thenan_sf.o)
                              /usr/lib/gcc-lib/arm-elf/3.2/be/libgcc.a(_addsub_sf.o) (__thenan_sf)
/usr/lib/gcc-lib/arm-elf/3.2/be/libgcc.a(_div_df.o)
                              ./objs/EARMIBAction.o (__divdf3)
/usr/lib/gcc-lib/arm-elf/3.2/be/libgcc.a(_make_df.o)
                              /usr/lib/gcc-lib/arm-elf/3.2/be/libgcc.a(_sf_to_df.o) (__make_dp)
/usr/lib/gcc-lib/arm-elf/3.2/be/libgcc.a(_df_to_sf.o)
                              ./objs/EARMIBAction.o (__truncdfsf2)
/usr/lib/gcc-lib/arm-elf/3.2/be/libgcc.a(_thenan_df.o)
                              /usr/lib/gcc-lib/arm-elf/3.2/be/libgcc.a(_div_df.o) (__thenan_df)
/usr/lib/gcc-lib/arm-elf/3.2/be/libgcc.a(_pack_sf.o)
                              /usr/lib/gcc-lib/arm-elf/3.2/be/libgcc.a(_addsub_sf.o) (__pack_f)
/usr/lib/gcc-lib/arm-elf/3.2/be/libgcc.a(_unpack_sf.o)
                              /usr/lib/gcc-lib/arm-elf/3.2/be/libgcc.a(_addsub_sf.o) (__unpack_f)
/usr/lib/gcc-lib/arm-elf/3.2/be/libgcc.a(_make_sf.o)
                              /usr/lib/gcc-lib/arm-elf/3.2/be/libgcc.a(_df_to_sf.o) (__make_fp)
/usr/lib/gcc-lib/arm-elf/3.2/be/libgcc.a(_pack_df.o)
                              /usr/lib/gcc-lib/arm-elf/3.2/be/libgcc.a(_div_df.o) (__pack_d)
/usr/lib/gcc-lib/arm-elf/3.2/be/libgcc.a(_unpack_df.o)
                              /usr/lib/gcc-lib/arm-elf/3.2/be/libgcc.a(_div_df.o) (__unpack_d)
/usr/lib/gcc-lib/arm-elf/3.2/be/libgcc.a(_lshrdi3.o)
                              /usr/lib/gcc-lib/arm-elf/3.2/be/libgcc.a(_pack_df.o) (__lshrdi3)
/usr/lib/gcc-lib/arm-elf/3.2/be/libgcc.a(_ashldi3.o)
                              /usr/lib/gcc-lib/arm-elf/3.2/be/libgcc.a(_pack_df.o) (__ashldi3)
../../../../lib/32b/gnu/libc.a(atof.o)
                              ./objs/EDFAWelcomePage_v.o (atof)
../../../../lib/32b/gnu/libc.a(atoi.o)
                              ./objs/menu.o (atoi)
../../../../lib/32b/gnu/libc.a(calloc.o)
                              ./objs/ipgFlash.o (calloc)
../../../../lib/32b/gnu/libc.a(callocr.o)
                              ../../../../lib/32b/gnu/libc.a(calloc.o) (_calloc_r)
../../../../lib/32b/gnu/libc.a(exit.o)
                              ../../../../lib/32b/gnu/crt0.o (exit)
../../../../lib/32b/gnu/libc.a(fflush.o)
                              ./objs/root.o (fflush)
../../../../lib/32b/gnu/libc.a(findfp.o)
                              ../../../../lib/32b/gnu/libc.a(fflush.o) (__sinit)
../../../../lib/32b/gnu/libc.a(fwalk.o)
                              ../../../../lib/32b/gnu/libc.a(fflush.o) (_fwalk)
../../../../lib/32b/gnu/libc.a(impure.o)
                              ./objs/root.o (_impure_ptr)
../../../../lib/32b/gnu/libc.a(isdigit.o)
                              ./objs/readFrom2U2.o (isdigit)
../../../../lib/32b/gnu/libc.a(isspace.o)
                              ./objs/readFrom2U2.o (isspace)
../../../../lib/32b/gnu/libc.a(lcltime.o)
                              ./objs/ipgFlash.o (localtime)
../../../../lib/32b/gnu/libc.a(lcltime_r.o)
                              ../../../../lib/32b/gnu/libc.a(lcltime.o) (localtime_r)
../../../../lib/32b/gnu/libc.a(malloc.o)
                              ./objs/root.o (malloc)
../../../../lib/32b/gnu/libc.a(mallocr.o)
                              ../../../../lib/32b/gnu/libc.a(callocr.o) (_malloc_r)
../../../../lib/32b/gnu/libc.a(memcmp.o)
                              ./objs/EARMIBAction.o (memcmp)
../../../../lib/32b/gnu/libc.a(memcpy.o)
                              ./objs/root.o (memcpy)
../../../../lib/32b/gnu/libc.a(memset.o)
                              ./objs/root.o (memset)
../../../../lib/32b/gnu/libc.a(mktm_r.o)
                              ../../../../lib/32b/gnu/libc.a(lcltime_r.o) (_mktm_r)
../../../../lib/32b/gnu/libc.a(mlock.o)
                              ../../../../lib/32b/gnu/libc.a(mallocr.o) (__malloc_lock)
../../../../lib/32b/gnu/libc.a(printf.o)
                              ./objs/root.o (printf)
../../../../lib/32b/gnu/libc.a(rget.o)
[...]
Memory Configuration

Name             Origin             Length             Attributes
LOW_RAM          0x00000400         0x00003c00
CODE_RAM         0x00004000         0x00200000
CACHED_CODE      0x08004000         0x00200000
HIGH_RAM         0x00204000         0x005fc000
*default*        0x00000000         0xffffffff

Linker script and memory map

LOAD ./objs/appconf_api.o
LOAD ./objs/root.o
LOAD ./objs/MibMan.o
LOAD ./objs/EARMIB.o
LOAD ./objs/EARMIBAction.o
LOAD ./objs/ipgFlash.o
LOAD ./objs/telnet.o
LOAD ./objs/menu.o
LOAD ./objs/ipgsnmp.o
LOAD ./objs/earTemperatureAlarmThreshold.o
LOAD ./objs/earSnmpMngrTable.o
LOAD ./objs/earTrapPort.o
LOAD ./objs/earPumpsOff.o
LOAD ./objs/earChassisReboot.o
LOAD ./objs/earModelNumberRead.o
LOAD ./objs/earRtcTime.o
LOAD ./objs/find_highwater.o
LOAD ./objs/readFrom2U2.o
LOAD ./objs/semaphores.o
LOAD ./objs/Snmp_api.o
LOAD ./objs/configNotification.o
LOAD ./objs/atmel.o
LOAD ./objs/EDFAWelcomePage.o
LOAD ./objs/EDFAWelcomePage_v.o
LOAD ./objs/RpPages.o
LOAD ./objs/security.o
LOAD ./objs/RpUsrDct.o
LOAD ./objs/cgi.o
LOAD ./objs/file.o
LOAD ./objs/naftpapp.o
LOAD ./objs/reset.o
LOAD ../../../../lib/32b/gnu/crt0.o
LOAD /usr/lib/gcc-lib/arm-elf/3.2/be/libgcc.a
LOAD ../../../../lib/32b/gnu/libc.a
LOAD /usr/lib/gcc-lib/arm-elf/3.2/be/libgcc.a
START GROUP
LOAD ../../../../lib/32b/libbsp.a
LOAD ../../../../lib/32b/libflash.a
LOAD ../../../../lib/32b/libposix.a
LOAD ../../../../lib/32b/libtx.a
LOAD ../../../../lib/32b/libmanapi.a
LOAD ../../../../lib/32b/libftpclnt.a
LOAD ../../../../lib/32b/libftpsvr.a
LOAD ../../../../lib/32b/libemailc.a
LOAD ../../../../lib/32b/libtelnsvr.a
LOAD ../../../../lib/32b/libdnsclnt.a
LOAD ../../../../lib/32b/libfastip.a
LOAD ../../../../lib/32b/libfsock.a
LOAD ../../../../lib/32b/libtcpip.a
LOAD ../../../../lib/32b/gnu/libc.a
LOAD /usr/lib/gcc-lib/arm-elf/3.2/be/libgcc.a
LOAD /usr/lib/gcc-lib/arm-elf/3.2/../../../../arm-elf/lib/be/libm.a
LOAD /usr/lib/gcc-lib/arm-elf/3.2/../../../../arm-elf/lib/be/libstdc++.a
LOAD ../../../../lib/32b/librphttpd.a
LOAD ../../../../lib/32b/libsnmpd.a
LOAD ../../../../lib/32b/libsnmp.a
LOAD ../../../../lib/32b/libmanMib.a
LOAD ../../../../lib/32b/libldap.a
LOAD ../../../../lib/32b/libsntp.a
LOAD ../../../../lib/32b/libfilesys.a
LOAD ../../../../lib/32b/libcrypto.a
LOAD ../../../../lib/32b/libssl.a
LOAD ../../../../lib/32b/libwln.a
LOAD ../../../../lib/32b/libwpa.a
LOAD ../../../../lib/32b/libopenssl.a
END GROUP
                0x00010000                _NAAppOffsetInFlash = 0x10000
                0x00010000                _NABootloaderSizeInFlash = 0x10000
                0x00140000                _NAAppMaxSizeInFlash = 0x140000
                0x00200000                _NABspApplicationImageSize = 0x200000
                0x02010000                _NABspApplicationFlashAddress = 0x2010000
                0x000a0000                _NABspFileSystemSizeAddress = 0xa0000

.init           0x08004000       0x68
 *(.init)
 .init          0x08004000       0x68 ./objs/reset.o
                0x08004050                ABORT
                0x08004040                NA_MAIN
                0x0800404c                PREFETCH
                0x08004048                SWI
                0x08004000                __vectors
                0x08004054                RESERVED
                0x08004058                NAIRQ
                0x08004044                UNDEFINED
                0x0800405c                FIQ

.text           0x08004070   0x12e0ac
                0x08004070                btext = .
 *(.text)
 .text          0x08004070      0x464 ./objs/appconf_api.o
                0x08004364                NAGetAppSntpPrimary
                0x08004094                NAGetDefaultEthernetDuplex
                0x0800439c                NAGetAppKerberosKdc
                0x080042b0                NAGetAppPPP1PeerAddress
                0x08004430                NAGetAppBspDelay
                0x08004250                NAGetAppUseNvram
                0x080044bc                NAGetAppDisableRouterAds
                0x080041d4                NAGetAppUseKerberos
                0x080041ec                NAKrb5GetMaxPrincipals
                0x08004154                NAGetAppDialogAppName
                0x08004280                NAGetAppEnablePPP1
                0x0800418c                NAGetAppAdministratorsAccount
                0x08004268                NAGetAppNetHeapSize
                0x080044a4                NAGetAppCpp
                0x08004234                NAGetAppStdioPort
                0x08004460                NAGetAppUseStaticIP
                0x08004348                NAGetAppIpGateway
                0x0800421c                NAGetAppPost
                0x0800448c                NAGetEnableHdlc
                0x080040e8                NAGetAppRootPriority
                0x080041a4                NAGetAppFixedGatewayKey
                0x080043e4                NAGetAppKerberosRealmName
                0x080042c8                NAGetAppEnablePPP2
                0x080041bc                NAGetAppUseNetworkTimeProtocol
                0x08004138                NAGetAppDialogPort
                0x08004070                NAGetEnableAutoIp
                0x08004380                NAGetAppSntpSecondary
                0x080042f8                NAGetAppPPP2PeerAddress
                0x080043cc                NAGetAppKerberosPassword
                0x080043b4                NAGetAppKerberosUsername
                0x08004310                NAGetAppIpAddress
                0x080043fc                NAGetAppBspSerialNum
                0x08004170                NAGetAppRootPassword
                0x08004100                NAGetAppDefaultAPIPriority
                0x08004448                NAGetAppBspBaudRate
                0x08004204                NAKrb5GetMaxApRequests
                0x080042e0                NAGetAppPPP2Address
                0x080040b8                NAGetAppErrorHandler
                0x08004120                NAGetAppFileSystemSize
                0x08004298                NAGetAppPPP1Address
                0x080040d0                NAGetAppRootStackSize
                0x08004418                NAGetAppBspMacAddress
                0x0800432c                NAGetAppIpSubnetMask
 .text          0x080044d4     0x49b4 ./objs/root.o
                0x08008a14                flushBuffer
                0x080045b0                guardset
                0x08008ad0                getLineFromSerialBuffer
                0x08004624                applicationStart
                0x080044d4                root_breakpoint
                0x080086fc                serialApp
                0x08008d70                fillTimeBuffer
                0x08008640                increment_serial_index
                0x08004dac                telnetApp
                0x08008908                flushBufferToLastCR
                0x080081d4                alarmCheck
                0x08005f80                collectionApp
                0x0800869c                decrement_serial_index
                0x0800510c                snmpApp
                0x08005488                alarmApp
                0x08004514                applicationTcpDown
                0x08008e34                isValidPwd
                0x0800453c                guardget
 .text          0x08008e88      0x6d8 ./objs/MibMan.o
                0x08009544                snmpRegisterManagementVariables
 .text          0x08009560     0x6018 ./objs/EARMIBAction.o
                0x0800acb8                earCurrentSetpointValueWrite
                0x0800aafc                earOutputPowerSetpointValueRead
                0x0800ba10                earOutputPower2ALSoffSetpointRead
                0x08009b7c                earDigiSelectedFirmwareBankWrite
                0x0800a740                earGainControlSetpointRead
                0x0800dcd4                earSetRelayOutputPowerHighAlarmRead
                0x08009f58                earUpgradeDigiFirmwareWrite
                0x0800bbe0                earDeviceTypeFDRead
                0x0800db80                earSetRelayOutputPowerHighAlarmWrite
                0x0800960c                earDateOfManufactureRead
                0x0800c6e0                earAliveTrapPeriodValueRead
                0x0800a990                earOutputPowerSetpointValueWrite
                0x08009764                earControlModeWrite
                0x0800e3a8                earOutputPower2HighAlarmLevelRead
                0x0800e280                earOutputPower2OffAlarmLevelRead
                0x0800bdac                earNominalDurationRead
                0x0800b768                earOutputPowerALSoffFDSetpointRead
                0x0800d09c                earOutputPowerOffAlarmLevelRead
                0x0800f358                earHistoryTableRead
                0x0800cf80                earInput2PowerTooHighAlarmLevelRead
                0x0800d954                earSetRelayInputPowerTooHighAlarmRead
                0x0800a8fc                earMaximumGainSetpointRead
                0x0800ba98                earControlModeFDRead
                0x0800cc9c                earInputPowerOffAlarmLevelRead
                0x0800c01c                earOSCPowerSetpointValueRead
                0x0800b168                earTotalOpticalInputPowerRead
                0x0800db14                earSetRelayOutputPowerLowAlarmRead
                0x0800a868                earMinimumGainSetpointRead
                0x0800e214                earSetRelayAmbientTemperatureHighAlarmRead
                0x0800a560                earLastTrapSentRead
                0x0800a7d4                earMeasuredGainValueRead
                0x0800b878                earOutputPowerALSonSetpointRead
                0x0800b658                earOutputPowerALSonFDSetpointRead
                0x0800d9c0                earSetRelayOutputPowerLowAlarmWrite
                0x0800a040                earCleiCodeRead
                0x08009970                earDigiFirmwareRevisionRead
                0x0800c0b0                earOutputPower2SetpointValueWrite
                0x0800a4c4                earVendorProductNameAndSerialNumberRead
                0x0800ac24                earMaximumPowerSetpointRead
                0x0800d484                earSetRelayInputPowerLowAlarmWrite
                0x0800bd18                earALSoffDurationRead
                0x0800bee4                earOSCPowerSetpointValueWrite
                0x080098d4                earControlModeRead
                0x0800d234                earStatusValueRead
                0x0800c44c                earGainControlSetpoint2Read
                0x0800c4e0                earOSCOpticalPowerRead
                0x0800a0dc                earTelnetTimeoutWrite
                0x0800d794                earSetRelayInputPowerHighAlarmRead
                0x0800dd40                earSetRelayOutputPowerTooHighAlarmWrite
                0x08009c9c                earDigiSelectedFirmwareBankRead
                0x0800b5c4                earPowerSafetyModeRead
                0x0800ceec                earInputPowerTooHighAlarmLevelRead
                0x0800a430                earGatewayRead
                0x0800c310                earGainControlSetpoint2Write
                0x0800c974                earInput2PowerLowAlarmLevelWrite
                0x08009e90                earDigiFirmwareConfirmRead
                0x0800d3f0                earAlarmStatusRead
                0x0800bb3c                earDeviceTypeRead
                0x0800df00                earSetRelayFanFailureAlarmWrite
                0x08009fa8                earUpgradeDigiFirmwareRead
                0x0800de94                earSetRelayOutputPowerTooHighAlarmRead
                0x0800be40                earDataModeRead
                0x0800ce58                earInput2PowerHighAlarmLevelRead
                0x0800ae50                earCurrentSetpointValueRead
                0x0800b00c                earPumpLaserCurrent2Read
                0x08009ac4                earDigiBank2FirmwareRevisionRead
                0x0800e314                earOutputPower2LowAlarmLevelRead
                0x0800d2c8                earRelayAlarmStatusRead
                0x08009a0c                earDigiBank1FirmwareRevisionRead
                0x0800ab90                earTotalOpticalOutputPowerRead
                0x0800e054                earSetRelayFanFailureAlarmRead
                0x0800d35c                earRelayStatusRead
                0x0800cdc4                earInputPowerHighAlarmLevelRead
                0x0800c574                earAliveTrapPeriodValueWrite
                0x080096b8                earFirmwareRevisionRead
                0x0800b7f0                earOutputPower2ALSoffFDSetpointRead
                0x0800c27c                earTotalOpticalOutputPower2Read
                0x0800bc84                earALSonDurationRead
                0x0800e9f4                earAlarmTableRead
                0x0800aee4                earMaximumCurrentSetpointRead
                0x0800ee34                earHistoryTableWrite
                0x0800c774                earTotalOpticalInput2PowerRead
                0x0800d014                earOutputPowerLowAlarmLevelRead
                0x0800cc08                earFactoryDefaultInputPowerLowAlarmLevelRead
                0x0800cb74                earInput2PowerLowAlarmLevelRead
                0x0800d800                earSetRelayInputPowerTooHighAlarmWrite
                0x0800e43c                earOutputPower2TooHighAlarmLevelRead
                0x0800d1ac                earOutputPowerTooHighAlarmLevelRead
                0x0800b988                earOutputPowerALSoffSetpointRead
                0x0800cd30                earInput2PowerOffAlarmLevelRead
                0x0800a604                earGainControlSetpointWrite
                0x0800c808                earInputPowerLowAlarmLevelWrite
                0x08009d64                earDigiFirmwareConfirmWrite
                0x0800b900                earOutputPower2ALSonSetpointRead
                0x0800a39c                earSubnetMaskRead
                0x0800a308                earIpAddressRead
                0x0800a240                earTelnetTimeoutRead
                0x0800b6e0                earOutputPower2ALSonFDSetpointRead
                0x0800d5d8                earSetRelayInputPowerLowAlarmRead
                0x0800d124                earOutputPowerHighAlarmLevelRead
                0x0800b0a0                earAmbientTemperatureRead
                0x0800c1e8                earOutputPower2SetpointValueRead
                0x0800e4d0                earAlarmTableWrite
                0x0800e0c0                earSetRelayAmbientTemperatureHighAlarmWrite
                0x0800af78                earPumpLaserCurrentRead
                0x0800b1fc                earPowerSafetyModeWrite
                0x0800ec14                earEventTableRead
                0x0800d644                earSetRelayInputPowerHighAlarmWrite
                0x08009560                earSerialNumberRead
                0x0800cae0                earInputPowerLowAlarmLevelRead
 .text          0x0800f578     0x4bb4 ./objs/ipgFlash.o
                0x08011bd0                FS_DeleteFile
                0x08012914                FS_nListDir
                0x08013af4                ProgramAppToFlash
                0x08012950                FS_MakeDir
                0x080138d0                ProgramBootLoader
                0x08012220                FS_Pwd
                0x080128d8                FS_ListDir
                0x08013198                FSInstallFileSystem
                0x080134a4                ftp_server_app_init
                0x08012314                FS_RootDirectory
                0x080120a4                FS_RenameTo
                0x08012ed0                FS_RemoveDir
                0x0801024c                get_group_id
                0x080123d8                FS_ChangeDirectory
                0x080113e4                FS_StoreFile
                0x080135f8                WriteBootLoader
                0x08011d5c                FS_RenameFrom
                0x080130c0                FS_SessionClosed
                0x0800f69c                CleanUpFileName
                0x08013130                FS_DataSessionClosed
                0x080117fc                FS_RetrieveFile
 .text          0x0801412c      0x6c4 ./objs/telnet.o
                0x0801412c                telnetInit
                0x080144b4                ts_login_session
                0x0801449c                telnetApp2
                0x08014718                ts_setup_port
                0x0801427c                ts_connect_session
                0x0801459c                ts_disconnect_session
                0x0801423c                telnetTimeout
                0x08014618                ts_receive_data
 .text          0x080147f0     0x55f4 ./objs/menu.o
                0x080173f8                stack_check
                0x0801645c                handle_snmp_edit_menu
                0x0801807c                get_ip_parameters
                0x08019320                handle_firmware_upgrade_menu
                0x08018dc4                handle_snmp_send_trap_timeout_menu
                0x08019d9c                getAccessLevel
                0x08014a14                handle_main_menu
                0x080160fc                handle_mac_address_menu
                0x08015594                handle_public_community_password_menu
                0x08018440                get_snmp_ip_parameters
                0x080190a4                handle_chassis_reboot_menu
                0x080158c4                handle_rtc_parameters_menu
                0x08018ef8                handle_snmp_send_alive_trap_period_menu
                0x080176dc                semaphore_check_2
                0x0801899c                handle_snmp_ip_addr_menu
                0x0801664c                handle_alarm_menu
                0x08015234                handle_private_community_password_menu
                0x08016004                handle_serial_number_menu
                0x080147f0                telnet_send_menu
                0x08017978                handle_rtc_menu
                0x08018628                handle_ip_addr_menu
                0x08014d14                handle_user_password_menu
                0x08018c7c                handle_gateway_addr_menu
                0x08018b34                handle_subnet_mask_menu
                0x08019b2c                handle_timeout_menu
                0x08018770                handle_snmp_station_edit_menu
                0x0801653c                handle_snmp_community_menu
                0x080162f0                handle_ip_parameters_menu
 .text          0x08019de4     0x1f00 ./objs/ipgsnmp.o
                0x08019ef0                PopulateAlarmTableRow
                0x0801b1dc                setTheTrapVariables
                0x0801b7bc                sendTheTrap
                0x0801b184                convertMIBHistoryTypeToMIBClearType
                0x0801b0dc                convertMIBAlarmTypeToMIBHistoryType
                0x0801b104                convertMIBClearTypeToMIBHistoryType
                0x08019ea8                SnmpMngrTableIndexFn
                0x0801a614                populateHistoryTableRow
                0x0801b0ac                convertMIBClearTypeToAtmelAlarm
                0x08019fa8                RemoveAlarmTableRow
                0x0801a36c                UpdateNvramFromSnmp
                0x0801a15c                GetFreeAlarmIndex
                0x0801b1b0                convertMIBHistoryTypeToMIBEventType
                0x0801a588                RemoveSnmpMngrEntry
                0x0801b07c                convertMIBAlarmTypeToAtmelAlarm
                0x0801ae80                convertMIBHistoryTypeToAtmelAlarm
                0x0801a44c                AddSnmpMngrEntry
                0x08019e60                AlarmTableIndexFn
                0x0801aa90                convertAtmelAlarmToMIBAlarmType
                0x0801a740                RemoveHistoryTableRow
                0x0801ac88                convertAtmelAlarmToMIBClearType
                0x0801b130                convertMIBEventTypeToMIBHistoryType
                0x0801a81c                HistoryTableIndexFn
                0x0801b15c                convertMIBHistoryTypeToMIBAlarmType
                0x0801a864                convertAtmelAlarmToMIBHistoryType
                0x0801a1e4                SyncSnmpFromNvram
 .text          0x0801bce4      0x168 ./objs/earTemperatureAlarmThreshold.o
                0x0801bce4                earTemperatureAlarmThresholdWrite
                0x0801bdb8                earTemperatureAlarmThresholdRead
 .text          0x0801be4c      0xc74 ./objs/earSnmpMngrTable.o
                0x0801c86c                earSnmpMngrTableRead
                0x0801be4c                earSnmpMngrTableWrite
 .text          0x0801cac0      0x254 ./objs/earTrapPort.o
                0x0801cc2c                earTrapPortRead
                0x0801cac0                earTrapPortWrite
 .text          0x0801cd14      0x154 ./objs/earPumpsOff.o
                0x0801cdd4                earPumpsOffRead
                0x0801cd14                earPumpsOffWrite
 .text          0x0801ce68      0x2c0 ./objs/earChassisReboot.o
                0x0801ce68                earChassisRebootWrite
                0x0801d09c                earChassisRebootRead
 .text          0x0801d128       0xa0 ./objs/earModelNumberRead.o
                0x0801d128                earModelNumberRead
 .text          0x0801d1c8      0x34c ./objs/earRtcTime.o
                0x0801d1c8                earRtcTimeWrite
                0x0801d400                earRtcTimeRead
 .text          0x0801d514      0x194 ./objs/find_highwater.o
                0x0801d514                find_highwater
 .text          0x0801d6a8      0xe28 ./objs/readFrom2U2.o
                0x0801db74                getUnsignedAnswerFromAtmel
                0x0801de80                getStringAnswerFromAtmel
                0x0801d8bc                readLineFrom2U
                0x0801d894                readFrom2U2
                0x0801da74                adjustLineFrom2U
                0x0801e218                getIPAddressAnswerFromAtmel
                0x0801d90c                validateLineFrom2U
 .text          0x0801e4d0      0x2a8 ./objs/semaphores.o
                0x0801e710                semaphore_put_2
                0x0801e520                semaphore_get
                0x0801e5d0                semaphore_put
                0x0801e4d0                semaphore_init_2
                0x0801e634                semaphore_get_2
 .text          0x0801e778      0x774 ./objs/Snmp_api.o
                0x0801e8c0                SNMPGetSysObjectID
                0x0801ed38                NAcheckCommunity
                0x0801ea70                SNMPGetSysName
                0x0801e9ac                SNMPSetSysContact
                0x0801eed4                NAgetEnableSnmp
                0x0801eafc                SNMPSetSysName
                0x0801ed20                SNMPGetSysServices
                0x0801e778                snmpd_load
                0x0801ec50                SNMPSetSysLocation
                0x0801ebc0                SNMPGetSysLocation
                0x0801e920                SNMPGetSysContact
                0x0801e904                SNMPGetSysDescr
 .text          0x0801eeec      0x220 ./objs/configNotification.o
                0x0801ef28                configChangeNotification
                0x0801eff4                configNotification
                0x0801eeec                configErrorNotification
 .text          0x0801f10c      0x288 ./objs/atmel.o
                0x0801f1e4                askAtmelForStringValue
                0x0801f10c                askAtmelForUnsignedValue
                0x0801f2c4                askAtmelForIPAddressValue
 .text          0x0801f394      0x850 ./objs/EDFAWelcomePage_v.o
                0x0801f9fc                getIPManager4
                0x0801f394                getEARRtcTime_temp
                0x0801f498                postProcessTheForm
                0x0801f78c                SetOutputPowerSetpointValue
                0x0801f814                getIPManager1
                0x0801f8b8                getIPManager2
                0x0801f7d0                SetOutputPower2SetpointValue
                0x0801f42c                getearDigiTelnetTimeout_temp
                0x0801fb44                getIPManager6
                0x0801faa0                getIPManager5
                0x0801f958                getIPManager3
 .text          0x0801fbe4       0x48 ./objs/security.o
                0x0801fbe4                RpHSInitSecurityTable
 .text          0x0801fc2c       0x54 ./objs/cgi.o
                0x0801fc2c                RpUserExitInit
                0x0801fc64                RpExternalCgi
                0x0801fc4c                RpUserExitDeInit
 .text          0x0801fc80      0x20c ./objs/file.o
                0x0801fd34                RpHSCloseFileStatus
                0x0801fcb8                RpHSCreateFile
                0x0801fd10                RpHSCloseFile
                0x0801fdf0                RpHSOpenFileStatus
                0x0801fe24                RpHSReadFile
                0x0801fe4c                RpHSReadFileStatus
                0x0801fca0                RpHSCloseFileSystem
                0x0801fdcc                RpHSOpenFile
                0x0801fce0                RpHSCreateFileStatus
                0x0801fc80                RpHSOpenFileSystem
                0x0801fd8c                RpHSWriteFileStatus
                0x0801fd64                RpHSWriteFile
 .text          0x0801fe8c      0x988 ./objs/naftpapp.o
                0x080206f8                ftp_init_flash_download
 .text          0x08020814       0xb0 ../../../../lib/32b/gnu/crt0.o
                0x08020814                _mainCRTStartup
                0x08020814                _start
                0x08020814                start
 .text          0x080208c4       0x98 /usr/lib/gcc-lib/arm-elf/3.2/be/libgcc.a(_udivsi3.o)
                0x080208c4                __udivsi3
 .text          0x0802095c       0xc0 /usr/lib/gcc-lib/arm-elf/3.2/be/libgcc.a(_umodsi3.o)
                0x0802095c                __umodsi3
 .text          0x08020a1c        0x4 /usr/lib/gcc-lib/arm-elf/3.2/be/libgcc.a(_dvmd_tls.o)
                0x08020a1c                __div0
 .text          0x08020a20      0x300 /usr/lib/gcc-lib/arm-elf/3.2/be/libgcc.a(_addsub_sf.o)
                0x08020c74                __subsf3
                0x08020c1c                __addsf3
 .text          0x08020d20      0x1d4 /usr/lib/gcc-lib/arm-elf/3.2/be/libgcc.a(_div_sf.o)
                0x08020d20                __divsf3
 .text          0x08020ef4       0x90 /usr/lib/gcc-lib/arm-elf/3.2/be/libgcc.a(_si_to_sf.o)
                0x08020ef4                __floatsisf
 .text          0x08020f84       0x54 /usr/lib/gcc-lib/arm-elf/3.2/be/libgcc.a(_sf_to_df.o)
                0x08020f84                __extendsfdf2
 .text          0x08020fd8      0x310 /usr/lib/gcc-lib/arm-elf/3.2/be/libgcc.a(_div_df.o)
                0x08020fd8                __divdf3
 .text          0x080212e8       0x40 /usr/lib/gcc-lib/arm-elf/3.2/be/libgcc.a(_make_df.o)
                0x080212e8                __make_dp
 .text          0x08021328       0x6c /usr/lib/gcc-lib/arm-elf/3.2/be/libgcc.a(_df_to_sf.o)
                0x08021328                __truncdfsf2
 .text          0x08021394      0x168 /usr/lib/gcc-lib/arm-elf/3.2/be/libgcc.a(_pack_sf.o)
                0x08021394                __pack_f
 .text          0x080214fc       0xa8 /usr/lib/gcc-lib/arm-elf/3.2/be/libgcc.a(_unpack_sf.o)
                0x080214fc                __unpack_f
 .text          0x080215a4       0x30 /usr/lib/gcc-lib/arm-elf/3.2/be/libgcc.a(_make_sf.o)
                0x080215a4                __make_fp
 .text          0x080215d4      0x294 /usr/lib/gcc-lib/arm-elf/3.2/be/libgcc.a(_pack_df.o)
                0x080215d4                __pack_d
 .text          0x08021868      0x140 /usr/lib/gcc-lib/arm-elf/3.2/be/libgcc.a(_unpack_df.o)
                0x08021868                __unpack_d
 .text          0x080219a8       0x50 /usr/lib/gcc-lib/arm-elf/3.2/be/libgcc.a(_lshrdi3.o)
                0x080219a8                __lshrdi3
 .text          0x080219f8       0x50 /usr/lib/gcc-lib/arm-elf/3.2/be/libgcc.a(_ashldi3.o)
                0x080219f8                __ashldi3
 .text          0x08021a48       0x10 ../../../../lib/32b/gnu/libc.a(atof.o)
                0x08021a48                atof
 .text          0x08021a58       0x14 ../../../../lib/32b/gnu/libc.a(atoi.o)
                0x08021a58                atoi
 .text          0x08021a6c       0x28 ../../../../lib/32b/gnu/libc.a(calloc.o)
                0x08021a6c                calloc
 .text          0x08021a94       0x90 ../../../../lib/32b/gnu/libc.a(callocr.o)
                0x08021a94                _calloc_r
 .text          0x08021b24       0xac ../../../../lib/32b/gnu/libc.a(exit.o)
                0x08021b24                exit
 .text          0x08021bd0       0xe0 ../../../../lib/32b/gnu/libc.a(fflush.o)
                0x08021bd0                fflush
 .text          0x08021cb0      0x234 ../../../../lib/32b/gnu/libc.a(findfp.o)
                0x08021e68                __sinit
                0x08021d10                __sfmoreglue
                0x08021e50                _cleanup
                0x08021e3c                _cleanup_r
                0x08021d74                __sfp
 .text          0x08021ee4       0x6c ../../../../lib/32b/gnu/libc.a(fwalk.o)
                0x08021ee4                _fwalk
 .text          0x08021f50       0x14 ../../../../lib/32b/gnu/libc.a(isdigit.o)
                0x08021f50                isdigit
 .text          0x08021f64       0x14 ../../../../lib/32b/gnu/libc.a(isspace.o)
                0x08021f64                isspace
 .text          0x08021f78       0x1c ../../../../lib/32b/gnu/libc.a(lcltime.o)
                0x08021f78                localtime
 .text          0x08021f94       0x10 ../../../../lib/32b/gnu/libc.a(lcltime_r.o)
                0x08021f94                localtime_r
 .text          0x08021fa4       0x40 ../../../../lib/32b/gnu/libc.a(malloc.o)
                0x08021fa4                malloc
                0x08021fc4                free
 .text          0x08021fe4      0x66c ../../../../lib/32b/gnu/libc.a(mallocr.o)
                0x080221bc                _malloc_r
 .text          0x08022650       0x78 ../../../../lib/32b/gnu/libc.a(memcmp.o)
                0x08022650                memcmp
 .text          0x080226c8       0xa4 ../../../../lib/32b/gnu/libc.a(memcpy.o)
                0x080226c8                memcpy
 .text          0x0802276c       0x7c ../../../../lib/32b/gnu/libc.a(memset.o)
                0x0802276c                memset
 .text          0x080227e8     0x1090 ../../../../lib/32b/gnu/libc.a(mktm_r.o)
                0x080232b8                __tzcalc_limits
                0x080227e8                _mktm_r
 .text          0x08023878       0x38 ../../../../lib/32b/gnu/libc.a(mlock.o)
                0x08023894                __malloc_unlock
                0x08023878                __malloc_lock
 .text          0x080238b0       0x58 ../../../../lib/32b/gnu/libc.a(printf.o)
                0x080238d4                printf
                0x080238b0                _printf_r
 .text          0x08023908       0x3c ../../../../lib/32b/gnu/libc.a(rget.o)
                0x08023908                __srget
 .text          0x08023944       0x40 ../../../../lib/32b/gnu/libc.a(sbrkr.o)
                0x08023944                _sbrk_r
 .text          0x08023984       0xd8 ../../../../lib/32b/gnu/libc.a(snprintf.o)
                0x080239ec                snprintf
                0x08023984                _snprintf_r
 .text          0x08023a5c       0xc0 ../../../../lib/32b/gnu/libc.a(sprintf.o)
                0x08023a5c                _sprintf_r
                0x08023ab8                sprintf
 .text          0x08023b1c       0xf8 ../../../../lib/32b/gnu/libc.a(sscanf.o)
                0x08023b24                sscanf
                0x08023b98                _sscanf_r
 .text          0x08023c14      0x10c ../../../../lib/32b/gnu/libc.a(stdio.o)
                0x08023cc0                __sseek
                0x08023c14                __sread
                0x08023d0c                __sclose
                0x08023c60                __swrite
 .text          0x08023d20       0x7c ../../../../lib/32b/gnu/libc.a(strcat.o)
                0x08023d20                strcat
 .text          0x08023d9c       0xd0 ../../../../lib/32b/gnu/libc.a(strchr.o)
                0x08023d9c                strchr
 .text          0x08023e6c       0xc0 ../../../../lib/32b/gnu/libc.a(strcmp.o)
                0x08023e6c                strcmp
 .text          0x08023f2c       0x84 ../../../../lib/32b/gnu/libc.a(strcpy.o)
                0x08023f2c                strcpy
 .text          0x08023fb0       0x70 ../../../../lib/32b/gnu/libc.a(strlen.o)
                0x08023fb0                strlen
 .text          0x08024020      0x110 ../../../../lib/32b/gnu/libc.a(strncmp.o)
                0x08024020                strncmp
 .text          0x08024130       0xf4 ../../../../lib/32b/gnu/libc.a(strncpy.o)
                0x08024130                strncpy
 .text          0x08024224       0x54 ../../../../lib/32b/gnu/libc.a(strstr.o)
                0x08024224                strstr
 .text          0x08024278      0xfe0 ../../../../lib/32b/gnu/libc.a(strtod.o)
                0x08024278                _strtod_r
                0x080251fc                strtod
                0x08025224                strtof
 .text          0x08025258       0x20 ../../../../lib/32b/gnu/libc.a(strtok.o)
                0x08025258                strtok
 .text          0x08025278       0xe0 ../../../../lib/32b/gnu/libc.a(strtok_r.o)
                0x08025348                strtok_r
                0x08025278                __strtok_r
 .text          0x08025358      0x1d4 ../../../../lib/32b/gnu/libc.a(strtol.o)
                0x080254fc                strtol
                0x08025358                _strtol_r
 .text          0x0802552c       0x28 ../../../../lib/32b/gnu/libc.a(tzlock.o)
                0x08025540                __tz_unlock
                0x0802552c                __tz_lock
 .text          0x08025554      0x7e8 ../../../../lib/32b/gnu/libc.a(tzset_r.o)
                0x08025554                _tzset_r
 .text          0x08025d3c     0x1b0c ../../../../lib/32b/gnu/libc.a(vfprintf.o)
                0x08025e94                _vfprintf_r
                0x08025e2c                vfprintf
 .text          0x08027848     0x1184 ../../../../lib/32b/gnu/libc.a(vfscanf.o)
                0x080278b0                __svfscanf
                0x080278e0                _vfscanf_r
                0x08027848                vfscanf
                0x0802890c                __sccl
                0x080278ec                __svfscanf_r
 .text          0x080289cc       0x4c ../../../../lib/32b/gnu/libc.a(writer.o)
                0x080289cc                _write_r
 .text          0x08028a18      0x104 ../../../../lib/32b/gnu/libc.a(wsetup.o)
                0x08028a18                __swsetup
 .text          0x08028b1c     0x1a58 ../../../../lib/32b/gnu/libc.a(syscalls.o)
                0x0802a0dc                naTimeZoneInstall
                0x08029d80                _getpid
                0x0802a3ec                ioctl
                0x08028d80                initialise_monitor_handles
                0x0802a544                creat
                0x08029e48                _fstat
                0x080298fc                _open
                0x08029da0                _sbrk
                0x08029f58                _raise
                0x0802a2e4                _times
                0x08029e94                _stat
                0x0802a098                naTimeFunctionInstall
                0x080293a0                _lseek
                0x08029f18                _link
                0x0802947c                _swiwrite
                0x0802a3bc                _rename
                0x08029238                _swilseek
                0x08029b04                _swiclose
                0x08029784                _swiopen
                0x08029f30                _unlink
                0x080294ec                _write
                0x08029d5c                _kill
                0x0802a22c                _gettimeofday
                0x08028fac                _read
                0x08029d28                _exit
                0x0802a514                mkdir
                0x0802a370                _system
                0x08028f3c                _swiread
                0x08029b8c                _close
 .text          0x0802a574       0x40 ../../../../lib/32b/gnu/libc.a(closer.o)
                0x0802a574                _close_r
 .text          0x0802a5b4     0x1650 ../../../../lib/32b/gnu/libc.a(dtoa.o)
                0x0802a7cc                _dtoa_r
 .text          0x0802bc04       0x10 ../../../../lib/32b/gnu/libc.a(errno.o)
                0x0802bc04                __errno
 .text          0x0802bc14       0xcc ../../../../lib/32b/gnu/libc.a(fread.o)
                0x0802bc14                fread
 .text          0x0802bce0      0x374 ../../../../lib/32b/gnu/libc.a(freer.o)
                0x0802bce0                _free_r
                0x0802bf40                _malloc_trim_r
 .text          0x0802c054      0x39c ../../../../lib/32b/gnu/libc.a(fvwrite.o)
                0x0802c054                __sfvwrite
 .text          0x0802c3f0      0x114 ../../../../lib/32b/gnu/libc.a(getenv_r.o)
                0x0802c3f0                _findenv_r
                0x0802c4e8                _getenv_r
 .text          0x0802c504       0xd8 ../../../../lib/32b/gnu/libc.a(locale.o)
                0x0802c504                _setlocale_r
                0x0802c580                __locale_charset
                0x0802c590                _localeconv_r
                0x0802c59c                setlocale
                0x0802c5c4                localeconv
 .text          0x0802c5dc       0x4c ../../../../lib/32b/gnu/libc.a(lseekr.o)
                0x0802c5dc                _lseek_r
 .text          0x0802c628      0x140 ../../../../lib/32b/gnu/libc.a(makebuf.o)
                0x0802c628                __smakebuf
 .text          0x0802c768       0x5c ../../../../lib/32b/gnu/libc.a(mbtowc_r.o)
                0x0802c768                _mbtowc_r
 .text          0x0802c7c4       0xd4 ../../../../lib/32b/gnu/libc.a(memchr.o)
                0x0802c7c4                memchr
 .text          0x0802c898       0xec ../../../../lib/32b/gnu/libc.a(memmove.o)
                0x0802c898                memmove
 .text          0x0802c984      0xc48 ../../../../lib/32b/gnu/libc.a(mprec.o)
                0x0802d564                _mprec_log10
                0x0802cbe8                _hi0bits
                0x0802c984                _Balloc
                0x0802d3c8                _d2b
                0x0802cd14                _multiply
                0x0802d4e8                _ratio
                0x0802cb10                _s2b
                0x0802ccec                _i2b
                0x0802cc44                _lo0bits
                0x0802d108                __mcmp
                0x0802cf2c                _pow5mult
                0x0802d29c                _ulp
                0x0802d310                _b2d
                0x0802ca40                _multadd
                0x0802d15c                __mdiff
                0x0802d018                _lshift
                0x0802ca18                _Bfree
 .text          0x0802d5cc       0x4c ../../../../lib/32b/gnu/libc.a(readr.o)
                0x0802d5cc                _read_r
 .text          0x0802d618      0x4c8 ../../../../lib/32b/gnu/libc.a(reallocr.o)
                0x0802d618                _realloc_r
 .text          0x0802dae0      0x19c ../../../../lib/32b/gnu/libc.a(reent.o)
                0x0802dae0                cleanup_glue
                0x0802db18                _reclaim_reent
                0x0802dc04                _wrapup_reent
 .text          0x0802dc7c      0x18c ../../../../lib/32b/gnu/libc.a(refill.o)
                0x0802dc9c                __srefill
 .text          0x0802de08       0x2c ../../../../lib/32b/gnu/libc.a(s_isinf.o)
                0x0802de08                isinf
 .text          0x0802de34       0x20 ../../../../lib/32b/gnu/libc.a(s_isnan.o)
                0x0802de34                isnan
 .text          0x0802de54       0x50 ../../../../lib/32b/gnu/libc.a(setenv.o)
                0x0802de84                unsetenv
                0x0802de54                setenv
 .text          0x0802dea4      0x4b4 ../../../../lib/32b/gnu/libc.a(setenv_r.o)
                0x0802e2bc                _unsetenv_r
                0x0802dea4                _setenv_r
 .text          0x0802e358      0x1cc ../../../../lib/32b/gnu/libc.a(strtoul.o)
                0x0802e4f4                strtoul
                0x0802e358                _strtoul_r
 .text          0x0802e524       0x1c ../../../../lib/32b/gnu/libc.a(sysopen.o)
                0x0802e524                open
 .text          0x0802e540       0x18 ../../../../lib/32b/gnu/libc.a(tzset.o)
                0x0802e540                tzset
 .text          0x0802e558      0x238 ../../../../lib/32b/gnu/libc.a(ungetc.o)
                0x0802e618                ungetc
                0x0802e558                __submore
 .text          0x0802e790       0x18 ../../../../lib/32b/gnu/libc.a(bcopy.o)
                0x0802e790                bcopy
 .text          0x0802e7a8        0x8 ../../../../lib/32b/gnu/libc.a(envlock.o)
                0x0802e7ac                __env_unlock
                0x0802e7a8                __env_lock
 .text          0x0802e7b0       0x48 ../../../../lib/32b/gnu/libc.a(fstatr.o)
                0x0802e7b0                _fstat_r
 .text          0x0802e7f8      0x64c /usr/lib/gcc-lib/arm-elf/3.2/be/libgcc.a(_udivdi3.o)
                0x0802e7f8                __udivdi3
 .text          0x0802ee44      0x654 /usr/lib/gcc-lib/arm-elf/3.2/be/libgcc.a(_umoddi3.o)
                0x0802ee44                __umoddi3
 .text          0x0802f498      0x478 /usr/lib/gcc-lib/arm-elf/3.2/be/libgcc.a(_addsub_df.o)
                0x0802f7fc                __adddf3
                0x0802f85c                __subdf3
 .text          0x0802f910      0x474 /usr/lib/gcc-lib/arm-elf/3.2/be/libgcc.a(_mul_df.o)
                0x0802f910                __muldf3
 .text          0x0802fd84       0x9c /usr/lib/gcc-lib/arm-elf/3.2/be/libgcc.a(_eq_df.o)
                0x0802fd84                __eqdf2
 .text          0x0802fe20       0x9c /usr/lib/gcc-lib/arm-elf/3.2/be/libgcc.a(_ne_df.o)
                0x0802fe20                __nedf2
 .text          0x0802febc       0x9c /usr/lib/gcc-lib/arm-elf/3.2/be/libgcc.a(_gt_df.o)
                0x0802febc                __gtdf2
 .text          0x0802ff58       0x9c /usr/lib/gcc-lib/arm-elf/3.2/be/libgcc.a(_ge_df.o)
                0x0802ff58                __gedf2
 .text          0x0802fff4       0x9c /usr/lib/gcc-lib/arm-elf/3.2/be/libgcc.a(_lt_df.o)
                0x0802fff4                __ltdf2
 .text          0x08030090       0x9c /usr/lib/gcc-lib/arm-elf/3.2/be/libgcc.a(_le_df.o)
                0x08030090                __ledf2
 .text          0x0803012c       0xc4 /usr/lib/gcc-lib/arm-elf/3.2/be/libgcc.a(_si_to_df.o)
                0x0803012c                __floatsidf
 .text          0x080301f0       0xf4 /usr/lib/gcc-lib/arm-elf/3.2/be/libgcc.a(_df_to_si.o)
                0x080301f0                __fixdfsi
 .text          0x080302e4       0x5c /usr/lib/gcc-lib/arm-elf/3.2/be/libgcc.a(_negate_df.o)
                0x080302e4                __negdf2
 .text          0x08030340      0x1b0 /usr/lib/gcc-lib/arm-elf/3.2/be/libgcc.a(_fpcmp_parts_df.o)
                0x08030340                __fpcmp_parts_d
 .text          0x080304f0      0x104 ../../../../lib/32b/libbsp.a(bsp_api.o)
                0x080305a0                NABspGetEepromInfo
                0x08030574                NATranslatePriorityLevel
                0x080304f0                NABspFileSystemStartOffset
                0x08030520                NABspSerialPortType
 .text          0x080305f4      0x24c ../../../../lib/32b/libbsp.a(nainet.o)
                0x08030740                NAInet_toa
                0x080305f4                NAInet_addr
                0x080307f0                NAIpAddress
 .text          0x08030840      0x1cc ../../../../lib/32b/libbsp.a(main.o)
                0x0803096c                main
 .text          0x08030a0c      0x1b4 ../../../../lib/32b/libbsp.a(errhndlr.o)
                0x08030b1c                customizeExceptionHandler
                0x08030a24                netosFatalError
                0x08030a8c                customizeErrorHandler
                0x08030a0c                netosBreakpoint
 .text          0x08030bc0      0x1f0 ../../../../lib/32b/libbsp.a(narmbrd.o)
                0x08030bd8                NABoardInit
                0x08030bc0                netosStartClocks
 .text          0x08030db0      0x4f4 ../../../../lib/32b/libbsp.a(narmled.o)
                0x080311f4                NALedGreenOff
                0x080311dc                NALedGreenOn
                0x080311ac                NALedRedOn
                0x080311c4                NALedRedOff
                0x08030f38                NALedOff
                0x0803112c                NALedDoubleBlink
                0x0803120c                NALedBlinkRed
                0x080310c0                NALedBlink
                0x08030db0                NALedOn
                0x08031258                NALedBlinkGreen
 .text          0x080312a4      0x1dc ../../../../lib/32b/libbsp.a(devices.o)
                0x080312a4                DDIFirstLevelInitialize
                0x08031394                DDISecondLevelInitialize
 .text          0x08031480      0x330 ../../../../lib/32b/libbsp.a(flashnvrm.o)
                0x08031728                NANVBackupRead
                0x08031698                NANVBackupWrite
                0x08031480                NANVInit
                0x08031608                NANVmemset
                0x080314f0                NANVWrite
                0x08031580                NANVRead
 .text          0x080317b0      0xa7c ../../../../lib/32b/libbsp.a(sysAccess.o)
                0x08031dc0                NAgetSysAccess
                0x080321fc                NARegisterTraceFailure
                0x08031f2c                NACheckAuthentication
                0x08031e60                NAChangePassword
                0x08031a94                NAsetSysAccess
 .text          0x0803222c      0x8ac ../../../../lib/32b/libbsp.a(lpbkdev.o)
                0x0803222c                loopback_enter
                0x0803224c                loopback_init
                0x0803226c                loopback_open
                0x080325b8                loopback_write
                0x080327c8                loopback_ioctl
                0x080323f8                loopback_read
                0x08032350                loopback_close
 .text          0x08032ad8      0x47c ../../../../lib/32b/libbsp.a(nuldev.o)
                0x08032d84                nul_read
                0x08032f2c                nul_ioctl
                0x08032af8                nul_init
                0x08032b18                nul_open
                0x08032e4c                nul_write
                0x08032ad8                nul_enter
                0x08032c40                nul_close
 .text          0x08032f54      0x8ac ../../../../lib/32b/libbsp.a(nacache.o)
                0x08033078                NACacheEnable
                0x08033678                NACacheSetDefaults
                0x08032f54                naIceDebugger
                0x08032f90                NACacheIdentify
                0x08032f78                naSwDebugger
                0x08033650                NACacheRestore
                0x080333e0                NACacheDisable
 .text          0x08033800      0x370 ../../../../lib/32b/libbsp.a(INIT.o)
                0x08033800                Undefined_Handler
                0x08033a74                NARamSetupAbortHandler
                0x0803380c                SWI_Handler
                0x0803382c                Abort_Handler
                0x08033a20                nccBurstTest
                0x08033864                Reset_Handler
                0x0803383c                Address_Error_Handler
                0x08033818                Prefetch_Handler
                0x08033864                Reset_Handler_ROM
                0x08033848                FIQ_Handler
                0x08033a80                NAFastMemoryTest
 .text          0x08033b70      0x170 ../../../../lib/32b/libbsp.a(IRQHAND.o)
                0x08033b70                IRQ_Handler
 .text          0x08033ce0     0x1124 ../../../../lib/32b/libbsp.a(NCC_INIT.o)
                0x08034184                nccDetermineRamType
                0x08033df8                nccDetermineRamSize
                0x08033d0c                nccChipType
                0x08033ce0                are_we_in_debugger
                0x08034c08                ncc_init
                0x08033fdc                nccCopyCSSetup
 .text          0x08034e04     0x6600 ../../../../lib/32b/libbsp.a(NCC_POST.o)
                0x0803ac80                cache_memory_test
                0x0803b0c4                ncc_post
 .text          0x0803b404      0x54c ../../../../lib/32b/libbsp.a(IRQREG.o)
                0x0803b404                init_irq_tables
                0x0803b574                register_irq_handler
 .text          0x0803b950      0x228 ../../../../lib/32b/libbsp.a(gpio.o)
                0x0803bb48                customizeRestart
                0x0803ba38                customizeSetupPortH
                0x0803bb14                customizeSetupLedTable
                0x0803b950                customizeSetupPortA
                0x0803bb64                customizeReset
                0x0803ba1c                customizeSetupPortG
                0x0803ba54                customizeReadPowerOnButtons
                0x0803b984                customizeSetupPortB
                0x0803b9e4                customizeSetupPortD
                0x0803b9a0                customizeSetupPortC
                0x0803ba00                customizeSetupPortF
 .text          0x0803bb78      0x738 ../../../../lib/32b/libbsp.a(cs.o)
                0x0803c25c                customizeSetupCS4
                0x0803bbec                customizeGetCSSize
                0x0803c208                customizeSetupCS3
                0x0803bb78                customizeGetScr
                0x0803bcc0                customizeSetupMMCR
                0x0803c09c                customizeSetupCS1
                0x0803bbc4                customizeCreateMask
                0x0803c150                customizeSetupCS2
                0x0803bddc                customizeSetupCS0
                0x0803bc64                customizeGetRamSize
 .text          0x0803c2b0      0xb14 ../../../../lib/32b/libbsp.a(boardParams.o)
                0x0803cb6c                customizeReadDevBoardParams
                0x0803c4cc                NAConvertMacAddressString
                0x0803cc68                customizeWriteDevBoardParams
                0x0803c6f8                customizeUseDefaultParams
                0x0803c350                customizeGetMACAddress
                0x0803cd44                customizeSaveIPParameters
                0x0803ccd8                customizeGetIPParameters
                0x0803c2b0                NABoardParamsSetMalloc
                0x0803c410                convertHexDigit
                0x0803c3f0                customizeSetMACAddress
 .text          0x0803cdc4       0x3c ../../../../lib/32b/libbsp.a(blExe.o)
                0x0803cdc4                blExecuteImage
 .text          0x0803ce00      0x1c8 ../../../../lib/32b/libbsp.a(nawait.o)
                0x0803cf28                NAWait
                0x0803cfa0                NAWaitRestoreSleep
                0x0803cf80                NAWaitDisableSleep
                0x0803cf48                NAWaitSetSleepFn
 .text          0x0803cfc8      0x1cc ../../../../lib/32b/libbsp.a(nareset.o)
                0x0803d100                NAReset
 .text          0x0803d194     0x4d60 ../../../../lib/32b/libbsp.a(startfilesystem.o)
                0x080408c4                filesystem_rmdir
                0x080411b4                filesystem_lseek
                0x0803ec6c                filesystem_mkdir
                0x08040c88                filesystem_rename
                0x0803d194                filesystem_init
                0x08040190                filesystem_read
                0x0803eb38                filesystem_checkname
                0x080404d4                filesystem_unlink
                0x0803fd54                filesystem_write
                0x0803f030                filesystem_open
                0x0803f9e8                filesystem_close
 .text          0x08041ef4      0x4fc ../../../../lib/32b/libbsp.a(fbanks.o)
                0x080421fc                SetFlashBankFlag
                0x08042344                GetFlashBankVersion
                0x080422c0                GetFlashBankFlag
                0x08041ef4                LocateFlashBank
 .text          0x080423f0     0x231c ../../../../lib/32b/libbsp.a(rtc.o)
                0x08042b30                rtcSet
                0x08043464                rtcReadExtraData
                0x080432bc                rtcWriteExtraData
                0x080428d4                rtcInitialize
                0x08043710                NAinstallRealTimeClockTime
                0x08043210                rtcDebugRevertVersion
                0x08042f24                rtcGet
 .text          0x0804470c      0x434 ../../../../lib/32b/libbsp.a(termios.o)
                0x080449e8                tcgetcounters
                0x08044900                cfgetospeed
                0x08044890                tcflush
                0x08044824                tcsendbreak
                0x08044ad0                tcgetbuffers
                0x08044954                cfgetispeed
                0x0804485c                tcdrain
                0x08044b08                tctxdone
                0x08044978                cfsetispeed
                0x08044a20                tcgetstats
                0x08044924                cfsetospeed
                0x0804470c                tcgetattr
                0x08044a58                tcgetsigchange
                0x08044a90                tcsetsignals
                0x080449a8                tcsendnow
                0x08044744                tcsetattr
                0x080448c8                tcflow
 .text          0x08044b40     0x7938 ../../../../lib/32b/libbsp.a(netos_serl.o)
                0x0804a2f0                netos_serlenter
                0x0804a8a4                netos_serlinit
                0x0804c39c                isatty
                0x0804ab58                netos_serlopen
                0x0804c428                serl_port_index
                0x0804b378                netos_serlread
                0x0804c110                netos_serlioctl
                0x0804afc8                netos_serlclose
                0x0804b7a4                netos_serlwrite
 .text          0x0804c478      0xd04 ../../../../lib/32b/libbsp.a(NA_ISR.o)
                0x0804c7a4                NADisableIsr
                0x0804ce90                NAInitIsr
                0x0804c478                NAInstallIsr
                0x0804c588                NAUninstallIsr
                0x0804cd9c                NAIrqHandler
                0x0804c71c                NAEnableIsr
 .text          0x0804d17c      0x1b8 ../../../../lib/32b/libbsp.a(crc32h.o)
                0x0804d2d8                blCrc32
 .text          0x0804d334      0x60c ../../../../lib/32b/libbsp.a(udpdb.o)
                0x0804d334                workerEntry
                0x0804d510                udpdb_init
                0x0804d6ac                udpdb_read
                0x0804d610                udpdb_open
                0x0804d670                udpdb_close
                0x0804d784                udpdb_write
                0x0804d4f0                udpdb_enter
                0x0804d918                udpdb_ioctl
 .text          0x0804d940      0x110 ../../../../lib/32b/libbsp.a(bsp.o)
                0x0804d9f0                zero_bss
                0x0804d940                NAusesTheInternalOscillator
                0x0804d9b0                NAgetPllValueBasedOnChipType
 .text          0x0804da50      0x8bc ../../../../lib/32b/libbsp.a(bsproot.o)
                0x0804e278                decompress
                0x0804ded8                netosStartup
                0x0804da80                netosConfigStdio
                0x0804e1a8                tx_application_define
 *fill*         0x0804e30c        0x4
 .text          0x0804e310     0x1290 ../../../../lib/32b/libbsp.a(armutils.o)
                0x0804e310                fmemcpy
                0x0804f548                NA4WordAlignedCompare
 .text          0x0804f5a0      0x5a8 ../../../../lib/32b/libbsp.a(starttcp.o)
                0x0804f65c                watchThisFileDescriptor
                0x0804f638                timer_proc
                0x0804f5a0                netosInterfaceUp
                0x0804fa8c                NA_Rand
                0x0804f71c                netosStartTCP
                0x0804f5c0                tSelect
 .text          0x0804fb48      0x504 ../../../../lib/32b/libbsp.a(bsptimer.o)
                0x0804fed0                NADeltaTicks
                0x0804ff88                NAT2Delay217uS
                0x0804fce0                netosSetupAuxClock
                0x0804fe8c                NATotalTicks
                0x0804fb48                netosSetupSystemClock
                0x0804ff68                NAT2Init
 .text          0x0805004c      0x254 ../../../../lib/32b/libbsp.a(sysClock.o)
                0x0805004c                NAgetSysClkFreq
                0x080501bc                NAgetXtalFreq
 .text          0x080502a0     0x4020 ../../../../lib/32b/libbsp.a(hdlcdvr.o)
                0x08050bdc                naHdlcFrameSend
                0x08051bb0                hdlcRxIsr
                0x080507c4                naHdlcOpen
                0x080541b0                GetResource
                0x08052a4c                naHdlcGetStats
                0x0805061c                HdlcInit
                0x080512a4                hdlcTxIsr
                0x08052b0c                naHdlcIoctl
                0x080509b0                naHdlcClose
                0x080504c4                HdlcDebugBreak
                0x08054260                ReleaseResource
                0x08051190                naHdlcFrameRecv
                0x080504e0                naHdlcLoad
 .text          0x080542c0       0x4c ../../../../lib/32b/libbsp.a(na_init.o)
                0x080542dc                NASetFIQ
                0x080542f8                NADisableIRQFIQ
                0x080542c0                NASetIRQ
 .text          0x0805430c     0x1210 ../../../../lib/32b/libbsp.a(aceParams.o)
                0x08054fdc                customizeAceSetAutoipConfig
                0x080543ac                customizeAceGetConfig
                0x08054e90                customizeAceSetBootpConfig
                0x08054bf8                customizeAceSetStaticConfig
                0x08054650                customizeAceGetDefaultConfig
                0x08055128                customizeAceSetRarpConfig
                0x08054980                customizeAceGetInterfaceConfig
                0x080544e8                customizeAceGetDefaultEthernetConfig
                0x08054ab4                customizeAceSetInterfaceConfig
                0x080552f8                customizeAceFindUnusedInterfaceConfig
                0x08054a18                customizeAceGetDefaultInterfaceConfig
                0x08055088                customizeAceGetRarpConfig
                0x080551d4                customizeAceFindInterfaceConfig
                0x08054b58                customizeAceGetStaticConfig
                0x08054df0                customizeAceGetBootpConfig
                0x08054ca4                customizeAceGetDhcpConfig
                0x0805431c                aceInstallSemaphoreFunction
                0x08054434                customizeAceSetConfig
                0x08054f3c                customizeAceGetAutoipConfig
                0x08054d44                customizeAceSetDhcpConfig
 .text          0x0805551c     0x1f2c ../../../../lib/32b/libbsp.a(aceCallbacks.o)
                0x08055728                customizeStopAce
                0x0805551c                customizeAceGetInterfaceAddrInfo
                0x080556dc                customizeAceLostAddress
                0x08056ef4                customizeAceClearInterfaceConfiguration
                0x08055694                customizeAceHaveAnotherAddress
                0x08056be8                customizeAceConfigureInterface
                0x0805577c                customizeStartAce
                0x08055600                customizeAceHaveAddress
 .text          0x08057448      0x1e0 ../../../../lib/32b/libbsp.a(naip_global.o)
                0x080574f0                NAIpGetDefaultTcpTtl
                0x080575fc                NAIpGetIpForwarding
                0x08057578                NAIpSetKaGarbage
                0x08057448                NAIpSetDefaultIpTtl
                0x08057510                NAIpSetKaInterval
                0x08057540                NAIpGetKaInterval
                0x0805748c                NAIpGetDefaultIpTtl
                0x080574ac                NAIpSetDefaultTcpTtl
                0x080575c4                NAIpSetIpForwarding
 .text          0x08057628      0x3a0 ../../../../lib/32b/libbsp.a(naifconfig.o)
                0x08057760                NAIfconfigBringDeviceUp
                0x08057628                NAIfconfigIsDeviceUp
                0x080576b8                NAIfconfigDeviceFromInterface
                0x08057808                NAIfconfigSetIpAddress
 .text          0x080579c8     0x14e8 ../../../../lib/32b/libbsp.a(dialog.o)
                0x08057abc                customizeDialog
 .text          0x08058eb0      0x158 ../../../../lib/32b/libbsp.a(flashutil.o)
                0x08058f58                NAFlashTurnWriteOn
                0x08058eb0                NAFlashIs16BitBase
                0x08058f1c                NAFlashEnable
                0x08058fd8                NAFlashGetTotalSegment
                0x08058f98                NAFlashTurnWriteOff
                0x08058ef4                NAFlashBase
 .text          0x08059008      0x298 ../../../../lib/32b/libbsp.a(event_handler.o)
                0x08059214                serl_cb_event
                0x08059018                serl_cb_add
                0x08059008                serl_cb_epoch
                0x08059184                serl_cb_remove
 .text          0x080592a0      0x70c ../../../../lib/32b/libbsp.a(hdlcmem.o)
                0x08059678                hdlcDeque
                0x08059364                naHdlcFrameAlloc
                0x08059548                hdlcEnque
                0x080592a0                hdlcInitFrames
                0x08059454                naHdlcFrameFree
                0x080595c8                hdlcAddToQ
                0x0805976c                hdlcFreeFrameQ
                0x080596ec                DeleteFrameQ
 .text          0x080599ac     0x59f0 ../../../../lib/32b/libflash.a(naflash.o)
                0x08059acc                NAflash_write_local
                0x08059a8c                NAflash_write
                0x0805ddd8                NAFlashSectors
                0x0805e284                NAFlashEraseStatus
                0x0805e0e0                NAFlashErase
                0x0805de78                NAFlashSectorSizes
                0x0805dfb8                NAFlashSectorOffsets
                0x080599ac                doesNothing
                0x0805e87c                NAFlashWrite
                0x0805e72c                NAFlashWriteSector
                0x0805dd5c                NAFlashInit
                0x0805e418                NAFlashRead
                0x080599c4                NAprogram_flash
 .text          0x0805f39c      0x148 ../../../../lib/32b/libflash.a(naflsem.o)
                0x0805f438                NAFlashCreateSemaphores
 .text          0x0805f4e4       0x18 ../../../../lib/32b/libflash.a(LWRWord.o)
                0x0805f4e4                ASMLWriteWord16
                0x0805f4f0                ASMLWriteWord32
 .text          0x0805f4fc      0x6c4 ../../../../lib/32b/libposix.a(posix_semaphore.o)
                0x0805f6e4                sem_wait
                0x0805f770                sem_post
                0x0805f85c                search_semaphore
                0x0805f5d0                sem_close
                0x0805f658                sem_trywait
                0x0805f978                add_new_semaphore
                0x0805f4fc                sem_open
                0x0805fad0                remove_samephore
                0x0805f7f8                sem_getvalue
 .text          0x0805fbc0      0xe48 ../../../../lib/32b/libposix.a(posix_thread.o)
                0x0805fc84                pthread_attr_destroy
                0x0805fd08                pthread_attr_getstacksize
                0x0805ffc4                pthread_create
                0x0805fbc0                pthread_attr_init
                0x080603bc                pthread_exit
                0x0805fe1c                pthread_attr_getstackaddr
                0x08060388                pthread_equal
                0x0805fe74                pthread_attr_setstackaddr
                0x0805fd60                pthread_attr_setstacksize
                0x0805ff28                xpthread_attr_setname
                0x08060360                pthread_self
                0x080604ec                posix_thread_start
                0x08060438                xpthread_set_priority
                0x08060524                clean_thread_entry
 .text          0x08060a08       0xbc ../../../../lib/32b/libtx.a(tx_ike.o)
                0x08060a08                _tx_initialize_kernel_enter
                0x08060a84                _tx_initialize_kernel_setup
 .text          0x08060ac4      0x140 ../../../../lib/32b/libtx.a(tx_timi.o)
                0x08060ac4                _tx_timer_initialize
 .text          0x08060c04      0x14c ../../../../lib/32b/libtx.a(tx_ti.o)
                0x08060c04                _tx_thread_initialize
 .text          0x08060d50      0x27c ../../../../lib/32b/libtx.a(tx_tc.o)
                0x08060d50                _tx_thread_create
 .text          0x08060fcc      0x2a0 ../../../../lib/32b/libtx.a(tx_tr.o)
                0x08060fcc                _tx_thread_resume
 .text          0x0806126c      0x370 ../../../../lib/32b/libtx.a(tx_tte.o)
                0x0806126c                _tx_timer_thread_entry
 .text          0x080615dc      0x188 ../../../../lib/32b/libtx.a(tx_ta.o)
                0x080615dc                _tx_timer_activate
 .text          0x08061764       0xdc ../../../../lib/32b/libtx.a(tx_tto.o)
                0x08061764                _tx_thread_timeout
 .text          0x08061840      0x134 ../../../../lib/32b/libtx.a(tx_tsle.o)
                0x08061840                _tx_thread_sleep
 .text          0x08061974       0x20 ../../../../lib/32b/libtx.a(tx_tide.o)
                0x08061974                _tx_thread_identify
 .text          0x08061994      0x144 ../../../../lib/32b/libtx.a(tx_gnu.o)
                0x08061a6c                __gnu_funlock_file
                0x08061a0c                __gnu_lock_init
                0x08061a88                __gnu_ftrylock_file
                0x080619b4                __gnuTZUnlock
                0x08061ac0                __gnu_flock_destroy
                0x08061aa8                __gnu_flock_create
                0x08061994                __gnuTZLock
                0x080619f0                __gnuUnlock
                0x08061a50                __gnu_flock_file
                0x080619d0                __gnuLock
 .text          0x08061ad8       0xe4 ../../../../lib/32b/libtx.a(txe_efc.o)
                0x08061ad8                _txe_event_flags_create
 .text          0x08061bbc       0xfc ../../../../lib/32b/libtx.a(txe_efg.o)
                0x08061bbc                _txe_event_flags_get
 .text          0x08061cb8      0x17c ../../../../lib/32b/libtx.a(txe_qc.o)
                0x08061cb8                _txe_queue_create
 .text          0x08061e34       0xd4 ../../../../lib/32b/libtx.a(txe_qr.o)
                0x08061e34                _txe_queue_receive
 .text          0x08061f08       0xd4 ../../../../lib/32b/libtx.a(txe_qs.o)
                0x08061f08                _txe_queue_send
 .text          0x08061fdc       0xec ../../../../lib/32b/libtx.a(txe_sc.o)
                0x08061fdc                _txe_semaphore_create
 .text          0x080620c8       0xb0 ../../../../lib/32b/libtx.a(txe_sd.o)
                0x080620c8                _txe_semaphore_delete
 .text          0x08062178       0xb4 ../../../../lib/32b/libtx.a(txe_sg.o)
                0x08062178                _txe_semaphore_get
 .text          0x0806222c       0x60 ../../../../lib/32b/libtx.a(txe_sp.o)
                0x0806222c                _txe_semaphore_put
 .text          0x0806228c      0x1ac ../../../../lib/32b/libtx.a(txe_tc.o)
                0x0806228c                _txe_thread_create
 .text          0x08062438       0x98 ../../../../lib/32b/libtx.a(txe_tdel.o)
                0x08062438                _txe_thread_delete
 .text          0x080624d0       0xc0 ../../../../lib/32b/libtx.a(txe_trpc.o)
                0x080624d0                _txe_thread_priority_change
 .text          0x08062590       0x60 ../../../../lib/32b/libtx.a(txe_tra.o)
                0x08062590                _txe_thread_resume_api
 .text          0x080625f0       0x98 ../../../../lib/32b/libtx.a(txe_tsa.o)
                0x080625f0                _txe_thread_suspend_api
 .text          0x08062688       0x98 ../../../../lib/32b/libtx.a(txe_tt.o)
                0x08062688                _txe_thread_terminate
 .text          0x08062720       0x60 ../../../../lib/32b/libtx.a(txe_taa.o)
                0x08062720                _txe_timer_activate_api
 .text          0x08062780       0xb4 ../../../../lib/32b/libtx.a(txe_tmch.o)
                0x08062780                _txe_timer_change
 .text          0x08062834      0x148 ../../../../lib/32b/libtx.a(txe_tmcr.o)
                0x08062834                _txe_timer_create
 .text          0x0806297c       0x60 ../../../../lib/32b/libtx.a(txe_tda.o)
                0x0806297c                _txe_timer_deactivate_api
 .text          0x080629dc       0xb0 ../../../../lib/32b/libtx.a(txe_timd.o)
                0x080629dc                _txe_timer_delete
 .text          0x08062a8c      0x140 ../../../../lib/32b/libtx.a(TX_MC.o)
                0x08062a8c                _tx_mutex_create
 .text          0x08062bcc      0x2e0 ../../../../lib/32b/libtx.a(TX_MG.o)
                0x08062bcc                _tx_mutex_get
 .text          0x08062eac      0x43c ../../../../lib/32b/libtx.a(TX_MP.o)
                0x08062eac                _tx_mutex_put
 .text          0x080632e8      0x194 ../../../../lib/32b/libtx.a(TX_MPRI.o)
                0x080632e8                _tx_mutex_prioritize
 .text          0x0806347c      0x360 ../../../../lib/32b/libtx.a(TX_MPC.o)
                0x0806347c                _tx_mutex_priority_change
 .text          0x080637dc      0x1cc ../../../../lib/32b/libtx.a(TX_MCLE.o)
                0x080637dc                _tx_mutex_cleanup
 .text          0x080639a8      0x110 ../../../../lib/32b/libtx.a(TXE_MC.o)
                0x080639a8                _txe_mutex_create
 .text          0x08063ab8       0xb4 ../../../../lib/32b/libtx.a(TXE_MG.o)
                0x08063ab8                _txe_mutex_get
 .text          0x08063b6c       0x60 ../../../../lib/32b/libtx.a(TXE_MP.o)
                0x08063b6c                _txe_mutex_put
 *fill*         0x08063bcc        0x4
 .text          0x08063bd0       0x60 ../../../../lib/32b/libtx.a(tx_tsr.o)
                0x08063bd0                _tx_thread_system_return
 .text          0x08063c30       0x70 ../../../../lib/32b/libtx.a(tx_ts.o)
                0x08063c30                _tx_thread_schedule
 .text          0x08063ca0      0x170 ../../../../lib/32b/libtx.a(tx_timin.o)
                0x08063ca0                _tx_timer_interrupt
 .text          0x08063e10       0x90 ../../../../lib/32b/libtx.a(tx_ill.o)
                0x08063e60                __tx_irq_processing_return
                0x08063e5c                __tx_irq_handler
                0x08063e10                _tx_initialize_low_level
 .text          0x08063ea0       0x70 ../../../../lib/32b/libtx.a(tx_tsb.o)
                0x08063ea0                _tx_thread_stack_build
 .text          0x08063f10       0xb0 ../../../../lib/32b/libtx.a(tx_tcs.o)
                0x08063f10                _tx_thread_context_save
 .text          0x08063fc0       0xd8 ../../../../lib/32b/libtx.a(tx_ihl.o)
                0x08063fc0                _tx_initialize_high_level
 .text          0x08064098       0xa4 ../../../../lib/32b/libtx.a(tx_tse.o)
                0x08064098                _tx_thread_shell_entry
 .text          0x0806413c      0x4a8 ../../../../lib/32b/libtx.a(tx_tsus.o)
                0x0806413c                _tx_thread_suspend
 .text          0x080645e4      0x110 ../../../../lib/32b/libtx.a(tx_tsa.o)
                0x080645e4                _tx_thread_suspend_api
 .text          0x080646f4       0xfc ../../../../lib/32b/libtx.a(tx_tra.o)
                0x080646f4                _tx_thread_resume_api
 .text          0x080647f0      0x120 ../../../../lib/32b/libtx.a(tx_tts.o)
                0x080647f0                _tx_thread_time_slice
 .text          0x08064910      0x120 ../../../../lib/32b/libtx.a(tx_tdel.o)
                0x08064910                _tx_thread_delete
 .text          0x08064a30      0x3c8 ../../../../lib/32b/libtx.a(tx_tprch.o)
                0x08064a30                _tx_thread_priority_change
 .text          0x08064df8      0x14c ../../../../lib/32b/libtx.a(tx_tt.o)
                0x08064df8                _tx_thread_terminate
 .text          0x08064f44      0x120 ../../../../lib/32b/libtx.a(tx_td.o)
                0x08064f44                _tx_timer_deactivate
 .text          0x08065064      0x16c ../../../../lib/32b/libtx.a(tx_timcr.o)
                0x08065064                _tx_timer_create
 .text          0x080651d0       0x60 ../../../../lib/32b/libtx.a(tx_taa.o)
                0x080651d0                _tx_timer_activate_api
 .text          0x08065230      0x23c ../../../../lib/32b/libtx.a(tx_tda.o)
                0x08065230                _tx_timer_deactivate_api
 .text          0x0806546c       0x80 ../../../../lib/32b/libtx.a(tx_timch.o)
                0x0806546c                _tx_timer_change
 .text          0x080654ec      0x108 ../../../../lib/32b/libtx.a(tx_timd.o)
                0x080654ec                _tx_timer_delete
 .text          0x080655f4      0x134 ../../../../lib/32b/libtx.a(tx_sc.o)
                0x080655f4                _tx_semaphore_create
 .text          0x08065728      0x224 ../../../../lib/32b/libtx.a(tx_sd.o)
                0x08065728                _tx_semaphore_delete
 .text          0x0806594c      0x1e4 ../../../../lib/32b/libtx.a(tx_sg.o)
                0x0806594c                _tx_semaphore_get
 .text          0x08065b30      0x17c ../../../../lib/32b/libtx.a(tx_sp.o)
                0x08065b30                _tx_semaphore_put
 .text          0x08065cac      0x1cc ../../../../lib/32b/libtx.a(tx_scle.o)
                0x08065cac                _tx_semaphore_cleanup
 .text          0x08065e78      0x24c ../../../../lib/32b/libtx.a(tx_qc.o)
                0x08065e78                _tx_queue_create
 .text          0x080660c4      0x8dc ../../../../lib/32b/libtx.a(tx_qs.o)
                0x080660c4                _tx_queue_send
 .text          0x080669a0      0x980 ../../../../lib/32b/libtx.a(tx_qr.o)
                0x080669a0                _tx_queue_receive
 .text          0x08067320      0x1ec ../../../../lib/32b/libtx.a(tx_qcle.o)
                0x08067320                _tx_queue_cleanup
 .text          0x0806750c      0x13c ../../../../lib/32b/libtx.a(tx_efc.o)
                0x0806750c                _tx_event_flags_create
 .text          0x08067648      0x29c ../../../../lib/32b/libtx.a(tx_efg.o)
                0x08067648                _tx_event_flags_get
 .text          0x080678e4      0x1cc ../../../../lib/32b/libtx.a(tx_efcle.o)
                0x080678e4                _tx_event_flags_cleanup
 .text          0x08067ab0      0x160 ../../../../lib/32b/libtx.a(tx_tcr.o)
                0x08067ab0                _tx_thread_context_restore
 .text          0x08067c10      0x86c ../../../../lib/32b/libmanapi.a(man_env.o)
                0x08068190                manSetOctetString
                0x0806826c                manSetWORD16
                0x080680f0                manSetINT32
                0x0806821c                manSetWORD8
                0x08067dc0                manGetWORD8
                0x08067d78                manGetOctetString
                0x080682b8                manSetWORD32
                0x08067c58                manGetINT8
                0x08067e08                manGetWORD16
                0x08068358                manSetUnknown
                0x08067c10                manGetChar
                0x08067e98                manGetWORD64
                0x08067ca0                manGetINT16
                0x08068004                manSetChar
                0x08067ee0                manGetUnknown
                0x08067ce8                manGetINT32
                0x08067e50                manGetWORD32
                0x08068304                manSetWORD64
                0x08067d30                manGetINT64
                0x080680a4                manSetINT16
                0x0806813c                manSetINT64
                0x08068054                manSetINT8
 .text          0x0806847c     0x1e78 ../../../../lib/32b/libmanapi.a(man_init.o)
                0x08069f98                manAddVariableCallback
                0x080685c8                manDecVarAccessCounter
                0x080689bc                manGetVariableTypeSize
                0x0806a1c4                manDeleteVariableCallback
                0x08069758                manAddVariableList
                0x08068550                manIncVarAccessCounter
                0x0806a230                manUnregisterChangeFn
                0x0806a284                manRegisterChangeFn
                0x08069c44                manDeleteVariableList
                0x08068c40                manSetVariableTypeSize
                0x080684f8                manLockSemaphore
                0x0806865c                manUnlockSemaphore
 .text          0x0806a2f4      0x638 ../../../../lib/32b/libmanapi.a(hash.o)
                0x0806a2f4                hash
 .text          0x0806a92c     0x1eb8 ../../../../lib/32b/libmanapi.a(man_row.o)
                0x0806b51c                manFindRowByNumericIndex
                0x0806aac8                manCalculateBoundaryOffset
                0x0806b08c                manCopyRow
                0x0806af78                manCopyOctetString
                0x0806b45c                manFindRow
                0x0806be30                manGetSnmpRow
                0x0806b740                manDeleteSnmpRow
                0x0806ab80                manFreeRow
                0x0806b5d8                manFindRowBySnmpIndex
                0x0806adc4                manAllocRow
                0x0806c0ec                manGetSnmpRowPos
                0x0806c324                manSetSnmpRow
                0x0806b294                manInsertRow
                0x0806ba54                manInsertSnmpRow
                0x0806b384                manDeleteRow
                0x0806a92c                manCheckRowFieldSize
 .text          0x0806c7e4     0x13c4 ../../../../lib/32b/libmanapi.a(man_main.o)
                0x0806c94c                manFindVar
                0x0806d15c                manSetVar
                0x0806d918                manGetArray
                0x0806c8e8                manUnlockAllSemaphores
                0x0806cf28                manGetVar
                0x0806ce50                manDoArrayCallback
                0x0806cd48                manDoCallback
                0x0806d604                manSetArray
                0x0806cb14                computeAccessPointer
                0x0806d3f8                manGetVariableInfo
                0x0806c7e4                manLockAllSemaphores
 .text          0x0806dba8      0x4a0 ../../../../lib/32b/libftpsvr.a(ftposp.o)
                0x0806df10                FSStartServer
                0x0806dba8                naftp_timer_function
                0x0806dd40                naftp_check_timer
                0x0806dbd8                naftp_start_timer
 .text          0x0806e048     0x52dc ../../../../lib/32b/libftpsvr.a(ftpsvr.o)
                0x08073264                FSGetNumberOfUser
                0x0806e578                naftp_init_config
                0x0806ea4c                naftp_init_socket
                0x08071358                naftp_cmd_list
                0x08072fa0                FSHandleToSocket
                0x08072944                FSRegisterSYST
                0x08072800                FSRegisterNLST
                0x08072db8                FSRegisterAdditionalCMD
                0x0806fabc                naftp_process_pasv
                0x08073198                FSTimeout
                0x08072c08                FSRegisterPWD
                0x08073064                FSHandleToControlSocket
                0x08071704                naftp_cmd_rnfr
                0x08072d4c                FSRegisterRNTO
                0x08070b2c                naftp_init_select
                0x0807262c                FSProperties
                0x08072ce0                FSRegisterRNFR
                0x08070264                naftp_parse
                0x080718bc                naftp_cmd_mkd
                0x08073150                FSUserName
                0x08071a80                naftp_cmd_dele
                0x08072a60                FSRegisterValidation
                0x08071b58                naftp_cmd_cwd
                0x08072c74                FSRegisterCDUP
                0x0807162c                naftp_cmd_cdup
                0x0807199c                naftp_cmd_rmd
                0x0806f650                naftp_process_user
                0x0806e4f0                naftp_record_error
                0x0806fcf8                naftp_user_data
                0x0806f618                naftp_graceful_exit
                0x080732ac                FSGetAccessCode
                0x0806f540                naftp_reset_cntlsock
                0x08072794                FSRegisterLIST
                0x08073108                FSSequenceNumber
                0x08071f14                naftp_resolve_user
                0x08072728                FSRegisterCWD
                0x08072594                naftp_data_connections
                0x08070f70                naftp_cmd_stor
                0x08072ac4                FSRegisterMKD
                0x0806e514                na_init_sockaddr
                0x08071d10                naftp_resolve_cmd
                0x0806f94c                naftp_process_port
                0x0806e474                naftp_client_start
                0x0806f180                naftp_split_command
                0x08071544                naftp_cmd_pwd
                0x08070918                naftp_prepare_user
                0x080717e4                naftp_cmd_rnto
                0x0806eef0                naftp_send_reply
                0x0806f844                naftp_process_password
                0x0806f41c                naftp_reset_datasock
                0x08072e68                FSAddUser
                0x08072b30                FSRegisterRMD
                0x08072e24                FSInitialize
                0x08072b9c                FSRegisterDELE
                0x08071c44                naftp_cmd_syst
                0x0807286c                FSRegisterRETR
                0x080729b0                FSRegisterDataClose
                0x0806e108                NAFTP_server
                0x08071238                naftp_cmd_retr
                0x0806fe40                naftp_process_data
                0x080728d8                FSRegisterSTOR
                0x08072a08                FSRegisterControlClose
 .text          0x08073324     0x1a3c ../../../../lib/32b/libtelnsvr.a(ts_mod.o)
                0x0807422c                TSSendData
                0x08074c18                TSgetSessionUsername
                0x08074454                TSSendString
                0x080737c0                TSGetPortId
                0x08074cbc                TSgetSessionPassword
                0x08074820                TSSetClientOption
                0x0807449c                TSSetServerOption
                0x08073e60                TSStartPort
                0x08074110                TSStopPort
                0x08073bfc                TSClosePort
                0x08073324                ts_getbuf_default
                0x08074b1c                TSCloseSession
                0x080738b0                TSOpenPort
                0x080733c4                TSInitServer
 .text          0x08074d60     0x2f10 ../../../../lib/32b/libtelnsvr.a(telnetd2.o)
                0x08076fec                send_string
                0x08077c28                Putc
                0x080778f0                get_data
                0x08074d60                telnetd
                0x08075ff8                DoTTFSM
                0x08075510                new_check_for_client_logins
                0x08076df8                end_session
                0x080775c8                get_string
                0x08077038                get_option
                0x080762dc                ts_clean_port
                0x08076fa8                send_data
                0x08077180                ReadAByte
                0x08076d80                telnet_free_session_info
                0x080760cc                ts_init_port
                0x08075d14                Validate_UserandPass
                0x08076d60                telnet_init_login
 .text          0x08077c70      0x250 ../../../../lib/32b/libtelnsvr.a(fsminit.o)
                0x08077c70                fsminit
 .text          0x08077ec0      0x384 ../../../../lib/32b/libtelnsvr.a(ttgetc.o)
                0x08077ec0                ttgetc
 .text          0x08078244       0x74 ../../../../lib/32b/libtelnsvr.a(will_not.o)
                0x08078244                will_notsup
 .text          0x080782b8      0x1e0 ../../../../lib/32b/libtelnsvr.a(do_echo.o)
                0x080782b8                do_echo
                0x080783a8                will_echo
 .text          0x08078498      0x1e0 ../../../../lib/32b/libtelnsvr.a(do_noga.o)
                0x08078588                will_noga
                0x08078498                do_noga
 .text          0x08078678       0x74 ../../../../lib/32b/libtelnsvr.a(do_notsu.o)
                0x08078678                do_notsup
 .text          0x080786ec      0x1e0 ../../../../lib/32b/libtelnsvr.a(do_txbin.o)
                0x080786ec                do_txbinary
                0x080787dc                will_txbinary
 .text          0x080788cc       0x2c ../../../../lib/32b/libtelnsvr.a(tcga.o)
                0x080788cc                tcga
 .text          0x080788f8       0x70 ../../../../lib/32b/libtelnsvr.a(recopt.o)
                0x080788f8                recopt
                0x08078948                no_op
 .text          0x08078968      0x234 ../../../../lib/32b/libdnsclnt.a(dnsc_api.o)
                0x080789ec                DNSGetServers
                0x08078968                DNSAddServer
                0x080789ac                DNSRemoveServer
                0x08078ad8                DNSgethostbyname
 .text          0x08078b9c      0xc84 ../../../../lib/32b/libfastip.a(fast_ip.o)
                0x08079148                isUdpExpressPacket
                0x08078c6c                fip_registerPortAutoReply
                0x080792a4                prepareExpressReply
                0x08078d40                fip_deregisterPort
                0x08079084                fastip_ip_down
                0x08079588                fip_checkForNewPackets
                0x08078b9c                fip_registerPortProcessingRtn
                0x08078e78                expressInit
                0x08078ff0                fastip_ip_up
                0x08079208                executeAppProcessingFn
                0x08078e48                expressFree
 .text          0x08079820      0xf6c ../../../../lib/32b/libtcpip.a(ace.o)
                0x08079994                aceAddressEvent
                0x08079de0                aceTask
                0x0807982c                aceStart
                0x08079820                aceInitialize
                0x08079d80                aceInterfaceName
                0x080798ec                aceStop
 .text          0x0807a78c      0x1d8 ../../../../lib/32b/libtcpip.a(ace_os.o)
                0x0807a8d8                aceTimeout
                0x0807a8b8                aceSetTime
                0x0807a908                aceWaitOnEvent
                0x0807a91c                aceTriggerEvent
                0x0807a78c                ace_initialize
                0x0807a93c                aceIsAceThread
                0x0807a8a8                aceGetTime
 .text          0x0807a964      0x6f8 ../../../../lib/32b/libtcpip.a(ace_dhcp.o)
                0x0807a964                ace_start_dhcp
                0x0807af00                ace_get_dhcp_addr_info
                0x0807ad4c                ace_get_bootp_dhcp_ip_options
                0x0807aa38                ace_release_dhcp_addr
                0x0807aa4c                ace_stop_dhcp
                0x0807ab78                ace_get_bootp_dhcp_options
 .text          0x0807b05c      0x12c ../../../../lib/32b/libtcpip.a(ace_bootp.o)
                0x0807b05c                ace_start_bootp
                0x0807b0e4                ace_get_bootp_addr_info
                0x0807b0c8                ace_stop_bootp
 .text          0x0807b188      0x164 ../../../../lib/32b/libtcpip.a(ace_autoip.o)
                0x0807b188                ace_start_autoip
                0x0807b238                ace_get_autoip_addr_info
                0x0807b1fc                ace_stop_autoip
 .text          0x0807b2ec       0xa8 ../../../../lib/32b/libtcpip.a(ace_static.o)
                0x0807b340                ace_get_static_addr_info
                0x0807b338                ace_stop_static
                0x0807b2ec                ace_start_static
 .text          0x0807b394      0x11c ../../../../lib/32b/libtcpip.a(ace_rarp.o)
                0x0807b3f8                ace_stop_rarp
                0x0807b394                ace_start_rarp