Archive member included because of file (symbol)

/usr/lib/gcc-lib/arm-elf/3.2/be/libgcc.a(_udivsi3.o)
                              ./objs/root.o (__udivsi3)
/usr/lib/gcc-lib/arm-elf/3.2/be/libgcc.a(_umodsi3.o)
                              ./objs/root.o (__umodsi3)
/usr/lib/gcc-lib/arm-elf/3.2/be/libgcc.a(_dvmd_tls.o)
                              /usr/lib/gcc-lib/arm-elf/3.2/be/libgcc.a(_udivsi3.o) (__div0)
/usr/lib/gcc-lib/arm-elf/3.2/be/libgcc.a(_addsub_sf.o)
                              ./objs/root.o (__addsf3)
/usr/lib/gcc-lib/arm-elf/3.2/be/libgcc.a(_div_sf.o)
                              ./objs/root.o (__divsf3)
/usr/lib/gcc-lib/arm-elf/3.2/be/libgcc.a(_si_to_sf.o)
                              ./objs/root.o (__floatsisf)
/usr/lib/gcc-lib/arm-elf/3.2/be/libgcc.a(_sf_to_df.o)
                              ./objs/root.o (__extendsfdf2)
/usr/lib/gcc-lib/arm-elf/3.2/be/libgcc.a(_thenan_sf.o)
                              /usr/lib/gcc-lib/arm-elf/3.2/be/libgcc.a(_addsub_sf.o) (__thenan_sf)
/usr/lib/gcc-lib/arm-elf/3.2/be/libgcc.a(_div_df.o)
                              ./objs/EARMIBAction.o (__divdf3)
/usr/lib/gcc-lib/arm-elf/3.2/be/libgcc.a(_make_df.o)
                              /usr/lib/gcc-lib/arm-elf/3.2/be/libgcc.a(_sf_to_df.o) (__make_dp)
/usr/lib/gcc-lib/arm-elf/3.2/be/libgcc.a(_df_to_sf.o)
                              ./objs/EARMIBAction.o (__truncdfsf2)
/usr/lib/gcc-lib/arm-elf/3.2/be/libgcc.a(_thenan_df.o)
                              /usr/lib/gcc-lib/arm-elf/3.2/be/libgcc.a(_div_df.o) (__thenan_df)
/usr/lib/gcc-lib/arm-elf/3.2/be/libgcc.a(_pack_sf.o)
                              /usr/lib/gcc-lib/arm-elf/3.2/be/libgcc.a(_addsub_sf.o) (__pack_f)
/usr/lib/gcc-lib/arm-elf/3.2/be/libgcc.a(_unpack_sf.o)
                              /usr/lib/gcc-lib/arm-elf/3.2/be/libgcc.a(_addsub_sf.o) (__unpack_f)
/usr/lib/gcc-lib/arm-elf/3.2/be/libgcc.a(_make_sf.o)
                              /usr/lib/gcc-lib/arm-elf/3.2/be/libgcc.a(_df_to_sf.o) (__make_fp)
/usr/lib/gcc-lib/arm-elf/3.2/be/libgcc.a(_pack_df.o)
                              /usr/lib/gcc-lib/arm-elf/3.2/be/libgcc.a(_div_df.o) (__pack_d)
/usr/lib/gcc-lib/arm-elf/3.2/be/libgcc.a(_unpack_df.o)
                              /usr/lib/gcc-lib/arm-elf/3.2/be/libgcc.a(_div_df.o) (__unpack_d)
/usr/lib/gcc-lib/arm-elf/3.2/be/libgcc.a(_lshrdi3.o)
                              /usr/lib/gcc-lib/arm-elf/3.2/be/libgcc.a(_pack_df.o) (__lshrdi3)
/usr/lib/gcc-lib/arm-elf/3.2/be/libgcc.a(_ashldi3.o)
                              /usr/lib/gcc-lib/arm-elf/3.2/be/libgcc.a(_pack_df.o) (__ashldi3)
../../../../lib/32b/gnu/libc.a(atof.o)
                              ./objs/EDFAWelcomePage_v.o (atof)
../../../../lib/32b/gnu/libc.a(atoi.o)
                              ./objs/menu.o (atoi)
../../../../lib/32b/gnu/libc.a(calloc.o)
                              ./objs/ipgFlash.o (calloc)
../../../../lib/32b/gnu/libc.a(callocr.o)
                              ../../../../lib/32b/gnu/libc.a(calloc.o) (_calloc_r)
../../../../lib/32b/gnu/libc.a(exit.o)
                              ../../../../lib/32b/gnu/crt0.o (exit)
../../../../lib/32b/gnu/libc.a(fflush.o)
                              ./objs/root.o (fflush)
../../../../lib/32b/gnu/libc.a(findfp.o)
                              ../../../../lib/32b/gnu/libc.a(fflush.o) (__sinit)
../../../../lib/32b/gnu/libc.a(fwalk.o)
                              ../../../../lib/32b/gnu/libc.a(fflush.o) (_fwalk)
../../../../lib/32b/gnu/libc.a(impure.o)
                              ./objs/root.o (_impure_ptr)
../../../../lib/32b/gnu/libc.a(isdigit.o)
                              ./objs/readFrom2U2.o (isdigit)
../../../../lib/32b/gnu/libc.a(isspace.o)
                              ./objs/readFrom2U2.o (isspace)
../../../../lib/32b/gnu/libc.a(lcltime.o)
                              ./objs/ipgFlash.o (localtime)
../../../../lib/32b/gnu/libc.a(lcltime_r.o)
                              ../../../../lib/32b/gnu/libc.a(lcltime.o) (localtime_r)
../../../../lib/32b/gnu/libc.a(malloc.o)
                              ./objs/root.o (malloc)
../../../../lib/32b/gnu/libc.a(mallocr.o)
                              ../../../../lib/32b/gnu/libc.a(callocr.o) (_malloc_r)
../../../../lib/32b/gnu/libc.a(memcmp.o)
                              ./objs/EARMIBAction.o (memcmp)
../../../../lib/32b/gnu/libc.a(memcpy.o)
                              ./objs/root.o (memcpy)
../../../../lib/32b/gnu/libc.a(memset.o)
                              ./objs/root.o (memset)
../../../../lib/32b/gnu/libc.a(mktm_r.o)
                              ../../../../lib/32b/gnu/libc.a(lcltime_r.o) (_mktm_r)
../../../../lib/32b/gnu/libc.a(mlock.o)
                              ../../../../lib/32b/gnu/libc.a(mallocr.o) (__malloc_lock)
../../../../lib/32b/gnu/libc.a(printf.o)
                              ./objs/root.o (printf)
../../../../lib/32b/gnu/libc.a(rget.o)
[...]
Memory Configuration

Name             Origin             Length             Attributes
ram              0x00000400         0x007ffc00
rom              0x0a000000         0x00200000
*default*        0x00000000         0xffffffff

Linker script and memory map

LOAD ./objs/appconf_api.o
LOAD ./objs/root.o
LOAD ./objs/MibMan.o
LOAD ./objs/EARMIB.o
LOAD ./objs/EARMIBAction.o
LOAD ./objs/ipgFlash.o
LOAD ./objs/telnet.o
LOAD ./objs/menu.o
LOAD ./objs/ipgsnmp.o
LOAD ./objs/earTemperatureAlarmThreshold.o
LOAD ./objs/earSnmpMngrTable.o
LOAD ./objs/earTrapPort.o
LOAD ./objs/earPumpsOff.o
LOAD ./objs/earChassisReboot.o
LOAD ./objs/earModelNumberRead.o
LOAD ./objs/earRtcTime.o
LOAD ./objs/find_highwater.o
LOAD ./objs/readFrom2U2.o
LOAD ./objs/semaphores.o
LOAD ./objs/Snmp_api.o
LOAD ./objs/configNotification.o
LOAD ./objs/atmel.o
LOAD ./objs/EDFAWelcomePage.o
LOAD ./objs/EDFAWelcomePage_v.o
LOAD ./objs/RpPages.o
LOAD ./objs/security.o
LOAD ./objs/RpUsrDct.o
LOAD ./objs/cgi.o
LOAD ./objs/file.o
LOAD ./objs/naftpapp.o
LOAD ./objs/reset.o
LOAD ../../../../lib/32b/gnu/crt0.o
LOAD /usr/lib/gcc-lib/arm-elf/3.2/be/libgcc.a
LOAD ../../../../lib/32b/gnu/libc.a
LOAD /usr/lib/gcc-lib/arm-elf/3.2/be/libgcc.a
START GROUP
LOAD ../../../../lib/32b/libbsp.a
LOAD ../../../../lib/32b/libflash.a
LOAD ../../../../lib/32b/libposix.a
LOAD ../../../../lib/32b/libtx.a
LOAD ../../../../lib/32b/libmanapi.a
LOAD ../../../../lib/32b/libftpclnt.a
LOAD ../../../../lib/32b/libftpsvr.a
LOAD ../../../../lib/32b/libemailc.a
LOAD ../../../../lib/32b/libtelnsvr.a
LOAD ../../../../lib/32b/libdnsclnt.a
LOAD ../../../../lib/32b/libfastip.a
LOAD ../../../../lib/32b/libfsock.a
LOAD ../../../../lib/32b/libtcpip.a
LOAD ../../../../lib/32b/gnu/libc.a
LOAD /usr/lib/gcc-lib/arm-elf/3.2/be/libgcc.a
LOAD /usr/lib/gcc-lib/arm-elf/3.2/../../../../arm-elf/lib/be/libm.a
LOAD /usr/lib/gcc-lib/arm-elf/3.2/../../../../arm-elf/lib/be/libstdc++.a
LOAD ../../../../lib/32b/librphttpd.a
LOAD ../../../../lib/32b/libsnmpd.a
LOAD ../../../../lib/32b/libsnmp.a
LOAD ../../../../lib/32b/libmanMib.a
LOAD ../../../../lib/32b/libldap.a
LOAD ../../../../lib/32b/libsntp.a
LOAD ../../../../lib/32b/libfilesys.a
LOAD ../../../../lib/32b/libcrypto.a
LOAD ../../../../lib/32b/libssl.a
LOAD ../../../../lib/32b/libwln.a
LOAD ../../../../lib/32b/libwpa.a
LOAD ../../../../lib/32b/libopenssl.a
END GROUP
                0x00010000                _NAAppOffsetInFlash = 0x10000
                0x00010000                _NABootloaderSizeInFlash = 0x10000
                0x00140000                _NAAppMaxSizeInFlash = 0x140000
                0x00200000                _NABspApplicationImageSize = 0x200000
                0x02010000                _NABspApplicationFlashAddress = 0x2010000
                0x000a0000                _NABspFileSystemSizeAddress = 0xa0000

.init           0x0a000000       0x68
 *(.init)
 .init          0x0a000000       0x68 ./objs/reset.o
                0x0a000050                ABORT
                0x0a000040                NA_MAIN
                0x0a00004c                PREFETCH
                0x0a000048                SWI
                0x0a000000                __vectors
                0x0a000054                RESERVED
                0x0a000058                NAIRQ
                0x0a000044                UNDEFINED
                0x0a00005c                FIQ

.text           0x0a000070   0x12e0ac
                0x0a000070                btext = .
 *(.text)
 .text          0x0a000070      0x464 ./objs/appconf_api.o
                0x0a000364                NAGetAppSntpPrimary
                0x0a000094                NAGetDefaultEthernetDuplex
                0x0a00039c                NAGetAppKerberosKdc
                0x0a0002b0                NAGetAppPPP1PeerAddress
                0x0a000430                NAGetAppBspDelay
                0x0a000250                NAGetAppUseNvram
                0x0a0004bc                NAGetAppDisableRouterAds
                0x0a0001d4                NAGetAppUseKerberos
                0x0a0001ec                NAKrb5GetMaxPrincipals
                0x0a000154                NAGetAppDialogAppName
                0x0a000280                NAGetAppEnablePPP1
                0x0a00018c                NAGetAppAdministratorsAccount
                0x0a000268                NAGetAppNetHeapSize
                0x0a0004a4                NAGetAppCpp
                0x0a000234                NAGetAppStdioPort
                0x0a000460                NAGetAppUseStaticIP
                0x0a000348                NAGetAppIpGateway
                0x0a00021c                NAGetAppPost
                0x0a00048c                NAGetEnableHdlc
                0x0a0000e8                NAGetAppRootPriority
                0x0a0001a4                NAGetAppFixedGatewayKey
                0x0a0003e4                NAGetAppKerberosRealmName
                0x0a0002c8                NAGetAppEnablePPP2
                0x0a0001bc                NAGetAppUseNetworkTimeProtocol
                0x0a000138                NAGetAppDialogPort
                0x0a000070                NAGetEnableAutoIp
                0x0a000380                NAGetAppSntpSecondary
                0x0a0002f8                NAGetAppPPP2PeerAddress
                0x0a0003cc                NAGetAppKerberosPassword
                0x0a0003b4                NAGetAppKerberosUsername
                0x0a000310                NAGetAppIpAddress
                0x0a0003fc                NAGetAppBspSerialNum
                0x0a000170                NAGetAppRootPassword
                0x0a000100                NAGetAppDefaultAPIPriority
                0x0a000448                NAGetAppBspBaudRate
                0x0a000204                NAKrb5GetMaxApRequests
                0x0a0002e0                NAGetAppPPP2Address
                0x0a0000b8                NAGetAppErrorHandler
                0x0a000120                NAGetAppFileSystemSize
                0x0a000298                NAGetAppPPP1Address
                0x0a0000d0                NAGetAppRootStackSize
                0x0a000418                NAGetAppBspMacAddress
                0x0a00032c                NAGetAppIpSubnetMask
 .text          0x0a0004d4     0x49b4 ./objs/root.o
                0x0a004a14                flushBuffer
                0x0a0005b0                guardset
                0x0a004ad0                getLineFromSerialBuffer
                0x0a000624                applicationStart
                0x0a0004d4                root_breakpoint
                0x0a0046fc                serialApp
                0x0a004d70                fillTimeBuffer
                0x0a004640                increment_serial_index
                0x0a000dac                telnetApp
                0x0a004908                flushBufferToLastCR
                0x0a0041d4                alarmCheck
                0x0a001f80                collectionApp
                0x0a00469c                decrement_serial_index
                0x0a00110c                snmpApp
                0x0a001488                alarmApp
                0x0a000514                applicationTcpDown
                0x0a004e34                isValidPwd
                0x0a00053c                guardget
 .text          0x0a004e88      0x6d8 ./objs/MibMan.o
                0x0a005544                snmpRegisterManagementVariables
 .text          0x0a005560     0x6018 ./objs/EARMIBAction.o
                0x0a006cb8                earCurrentSetpointValueWrite
                0x0a006afc                earOutputPowerSetpointValueRead
                0x0a007a10                earOutputPower2ALSoffSetpointRead
                0x0a005b7c                earDigiSelectedFirmwareBankWrite
                0x0a006740                earGainControlSetpointRead
                0x0a009cd4                earSetRelayOutputPowerHighAlarmRead
                0x0a005f58                earUpgradeDigiFirmwareWrite
                0x0a007be0                earDeviceTypeFDRead
                0x0a009b80                earSetRelayOutputPowerHighAlarmWrite
                0x0a00560c                earDateOfManufactureRead
                0x0a0086e0                earAliveTrapPeriodValueRead
                0x0a006990                earOutputPowerSetpointValueWrite
                0x0a005764                earControlModeWrite
                0x0a00a3a8                earOutputPower2HighAlarmLevelRead
                0x0a00a280                earOutputPower2OffAlarmLevelRead
                0x0a007dac                earNominalDurationRead
                0x0a007768                earOutputPowerALSoffFDSetpointRead
                0x0a00909c                earOutputPowerOffAlarmLevelRead
                0x0a00b358                earHistoryTableRead
                0x0a008f80                earInput2PowerTooHighAlarmLevelRead
                0x0a009954                earSetRelayInputPowerTooHighAlarmRead
                0x0a0068fc                earMaximumGainSetpointRead
                0x0a007a98                earControlModeFDRead
                0x0a008c9c                earInputPowerOffAlarmLevelRead
                0x0a00801c                earOSCPowerSetpointValueRead
                0x0a007168                earTotalOpticalInputPowerRead
                0x0a009b14                earSetRelayOutputPowerLowAlarmRead
                0x0a006868                earMinimumGainSetpointRead
                0x0a00a214                earSetRelayAmbientTemperatureHighAlarmRead
                0x0a006560                earLastTrapSentRead
                0x0a0067d4                earMeasuredGainValueRead
                0x0a007878                earOutputPowerALSonSetpointRead
                0x0a007658                earOutputPowerALSonFDSetpointRead
                0x0a0099c0                earSetRelayOutputPowerLowAlarmWrite
                0x0a006040                earCleiCodeRead
                0x0a005970                earDigiFirmwareRevisionRead
                0x0a0080b0                earOutputPower2SetpointValueWrite
                0x0a0064c4                earVendorProductNameAndSerialNumberRead
                0x0a006c24                earMaximumPowerSetpointRead
                0x0a009484                earSetRelayInputPowerLowAlarmWrite
                0x0a007d18                earALSoffDurationRead
                0x0a007ee4                earOSCPowerSetpointValueWrite
                0x0a0058d4                earControlModeRead
                0x0a009234                earStatusValueRead
                0x0a00844c                earGainControlSetpoint2Read
                0x0a0084e0                earOSCOpticalPowerRead
                0x0a0060dc                earTelnetTimeoutWrite
                0x0a009794                earSetRelayInputPowerHighAlarmRead
                0x0a009d40                earSetRelayOutputPowerTooHighAlarmWrite
                0x0a005c9c                earDigiSelectedFirmwareBankRead
                0x0a0075c4                earPowerSafetyModeRead
                0x0a008eec                earInputPowerTooHighAlarmLevelRead
                0x0a006430                earGatewayRead
                0x0a008310                earGainControlSetpoint2Write
                0x0a008974                earInput2PowerLowAlarmLevelWrite
                0x0a005e90                earDigiFirmwareConfirmRead
                0x0a0093f0                earAlarmStatusRead
                0x0a007b3c                earDeviceTypeRead
                0x0a009f00                earSetRelayFanFailureAlarmWrite
                0x0a005fa8                earUpgradeDigiFirmwareRead
                0x0a009e94                earSetRelayOutputPowerTooHighAlarmRead
                0x0a007e40                earDataModeRead
                0x0a008e58                earInput2PowerHighAlarmLevelRead
                0x0a006e50                earCurrentSetpointValueRead
                0x0a00700c                earPumpLaserCurrent2Read
                0x0a005ac4                earDigiBank2FirmwareRevisionRead
                0x0a00a314                earOutputPower2LowAlarmLevelRead
                0x0a0092c8                earRelayAlarmStatusRead
                0x0a005a0c                earDigiBank1FirmwareRevisionRead
                0x0a006b90                earTotalOpticalOutputPowerRead
                0x0a00a054                earSetRelayFanFailureAlarmRead
                0x0a00935c                earRelayStatusRead
                0x0a008dc4                earInputPowerHighAlarmLevelRead
                0x0a008574                earAliveTrapPeriodValueWrite
                0x0a0056b8                earFirmwareRevisionRead
                0x0a0077f0                earOutputPower2ALSoffFDSetpointRead
                0x0a00827c                earTotalOpticalOutputPower2Read
                0x0a007c84                earALSonDurationRead
                0x0a00a9f4                earAlarmTableRead
                0x0a006ee4                earMaximumCurrentSetpointRead
                0x0a00ae34                earHistoryTableWrite
                0x0a008774                earTotalOpticalInput2PowerRead
                0x0a009014                earOutputPowerLowAlarmLevelRead
                0x0a008c08                earFactoryDefaultInputPowerLowAlarmLevelRead
                0x0a008b74                earInput2PowerLowAlarmLevelRead
                0x0a009800                earSetRelayInputPowerTooHighAlarmWrite
                0x0a00a43c                earOutputPower2TooHighAlarmLevelRead
                0x0a0091ac                earOutputPowerTooHighAlarmLevelRead
                0x0a007988                earOutputPowerALSoffSetpointRead
                0x0a008d30                earInput2PowerOffAlarmLevelRead
                0x0a006604                earGainControlSetpointWrite
                0x0a008808                earInputPowerLowAlarmLevelWrite
                0x0a005d64                earDigiFirmwareConfirmWrite
                0x0a007900                earOutputPower2ALSonSetpointRead
                0x0a00639c                earSubnetMaskRead
                0x0a006308                earIpAddressRead
                0x0a006240                earTelnetTimeoutRead
                0x0a0076e0                earOutputPower2ALSonFDSetpointRead
                0x0a0095d8                earSetRelayInputPowerLowAlarmRead
                0x0a009124                earOutputPowerHighAlarmLevelRead
                0x0a0070a0                earAmbientTemperatureRead
                0x0a0081e8                earOutputPower2SetpointValueRead
                0x0a00a4d0                earAlarmTableWrite
                0x0a00a0c0                earSetRelayAmbientTemperatureHighAlarmWrite
                0x0a006f78                earPumpLaserCurrentRead
                0x0a0071fc                earPowerSafetyModeWrite
                0x0a00ac14                earEventTableRead
                0x0a009644                earSetRelayInputPowerHighAlarmWrite
                0x0a005560                earSerialNumberRead
                0x0a008ae0                earInputPowerLowAlarmLevelRead
 .text          0x0a00b578     0x4bb4 ./objs/ipgFlash.o
                0x0a00dbd0                FS_DeleteFile
                0x0a00e914                FS_nListDir
                0x0a00faf4                ProgramAppToFlash
                0x0a00e950                FS_MakeDir
                0x0a00f8d0                ProgramBootLoader
                0x0a00e220                FS_Pwd
                0x0a00e8d8                FS_ListDir
                0x0a00f198                FSInstallFileSystem
                0x0a00f4a4                ftp_server_app_init
                0x0a00e314                FS_RootDirectory
                0x0a00e0a4                FS_RenameTo
                0x0a00eed0                FS_RemoveDir
                0x0a00c24c                get_group_id
                0x0a00e3d8                FS_ChangeDirectory
                0x0a00d3e4                FS_StoreFile
                0x0a00f5f8                WriteBootLoader
                0x0a00dd5c                FS_RenameFrom
                0x0a00f0c0                FS_SessionClosed
                0x0a00b69c                CleanUpFileName
                0x0a00f130                FS_DataSessionClosed
                0x0a00d7fc                FS_RetrieveFile
 .text          0x0a01012c      0x6c4 ./objs/telnet.o
                0x0a01012c                telnetInit
                0x0a0104b4                ts_login_session
                0x0a01049c                telnetApp2
                0x0a010718                ts_setup_port
                0x0a01027c                ts_connect_session
                0x0a01059c                ts_disconnect_session
                0x0a01023c                telnetTimeout
                0x0a010618                ts_receive_data
 .text          0x0a0107f0     0x55f4 ./objs/menu.o
                0x0a0133f8                stack_check
                0x0a01245c                handle_snmp_edit_menu
                0x0a01407c                get_ip_parameters
                0x0a015320                handle_firmware_upgrade_menu
                0x0a014dc4                handle_snmp_send_trap_timeout_menu
                0x0a015d9c                getAccessLevel
                0x0a010a14                handle_main_menu
                0x0a0120fc                handle_mac_address_menu
                0x0a011594                handle_public_community_password_menu
                0x0a014440                get_snmp_ip_parameters
                0x0a0150a4                handle_chassis_reboot_menu
                0x0a0118c4                handle_rtc_parameters_menu
                0x0a014ef8                handle_snmp_send_alive_trap_period_menu
                0x0a0136dc                semaphore_check_2
                0x0a01499c                handle_snmp_ip_addr_menu
                0x0a01264c                handle_alarm_menu
                0x0a011234                handle_private_community_password_menu
                0x0a012004                handle_serial_number_menu
                0x0a0107f0                telnet_send_menu
                0x0a013978                handle_rtc_menu
                0x0a014628                handle_ip_addr_menu
                0x0a010d14                handle_user_password_menu
                0x0a014c7c                handle_gateway_addr_menu
                0x0a014b34                handle_subnet_mask_menu
                0x0a015b2c                handle_timeout_menu
                0x0a014770                handle_snmp_station_edit_menu
                0x0a01253c                handle_snmp_community_menu
                0x0a0122f0                handle_ip_parameters_menu
 .text          0x0a015de4     0x1f00 ./objs/ipgsnmp.o
                0x0a015ef0                PopulateAlarmTableRow
                0x0a0171dc                setTheTrapVariables
                0x0a0177bc                sendTheTrap
                0x0a017184                convertMIBHistoryTypeToMIBClearType
                0x0a0170dc                convertMIBAlarmTypeToMIBHistoryType
                0x0a017104                convertMIBClearTypeToMIBHistoryType
                0x0a015ea8                SnmpMngrTableIndexFn
                0x0a016614                populateHistoryTableRow
                0x0a0170ac                convertMIBClearTypeToAtmelAlarm
                0x0a015fa8                RemoveAlarmTableRow
                0x0a01636c                UpdateNvramFromSnmp
                0x0a01615c                GetFreeAlarmIndex
                0x0a0171b0                convertMIBHistoryTypeToMIBEventType
                0x0a016588                RemoveSnmpMngrEntry
                0x0a01707c                convertMIBAlarmTypeToAtmelAlarm
                0x0a016e80                convertMIBHistoryTypeToAtmelAlarm
                0x0a01644c                AddSnmpMngrEntry
                0x0a015e60                AlarmTableIndexFn
                0x0a016a90                convertAtmelAlarmToMIBAlarmType
                0x0a016740                RemoveHistoryTableRow
                0x0a016c88                convertAtmelAlarmToMIBClearType
                0x0a017130                convertMIBEventTypeToMIBHistoryType
                0x0a01681c                HistoryTableIndexFn
                0x0a01715c                convertMIBHistoryTypeToMIBAlarmType
                0x0a016864                convertAtmelAlarmToMIBHistoryType
                0x0a0161e4                SyncSnmpFromNvram
 .text          0x0a017ce4      0x168 ./objs/earTemperatureAlarmThreshold.o
                0x0a017ce4                earTemperatureAlarmThresholdWrite
                0x0a017db8                earTemperatureAlarmThresholdRead
 .text          0x0a017e4c      0xc74 ./objs/earSnmpMngrTable.o
                0x0a01886c                earSnmpMngrTableRead
                0x0a017e4c                earSnmpMngrTableWrite
 .text          0x0a018ac0      0x254 ./objs/earTrapPort.o
                0x0a018c2c                earTrapPortRead
                0x0a018ac0                earTrapPortWrite
 .text          0x0a018d14      0x154 ./objs/earPumpsOff.o
                0x0a018dd4                earPumpsOffRead
                0x0a018d14                earPumpsOffWrite
 .text          0x0a018e68      0x2c0 ./objs/earChassisReboot.o
                0x0a018e68                earChassisRebootWrite
                0x0a01909c                earChassisRebootRead
 .text          0x0a019128       0xa0 ./objs/earModelNumberRead.o
                0x0a019128                earModelNumberRead
 .text          0x0a0191c8      0x34c ./objs/earRtcTime.o
                0x0a0191c8                earRtcTimeWrite
                0x0a019400                earRtcTimeRead
 .text          0x0a019514      0x194 ./objs/find_highwater.o
                0x0a019514                find_highwater
 .text          0x0a0196a8      0xe28 ./objs/readFrom2U2.o
                0x0a019b74                getUnsignedAnswerFromAtmel
                0x0a019e80                getStringAnswerFromAtmel
                0x0a0198bc                readLineFrom2U
                0x0a019894                readFrom2U2
                0x0a019a74                adjustLineFrom2U
                0x0a01a218                getIPAddressAnswerFromAtmel
                0x0a01990c                validateLineFrom2U
 .text          0x0a01a4d0      0x2a8 ./objs/semaphores.o
                0x0a01a710                semaphore_put_2
                0x0a01a520                semaphore_get
                0x0a01a5d0                semaphore_put
                0x0a01a4d0                semaphore_init_2
                0x0a01a634                semaphore_get_2
 .text          0x0a01a778      0x774 ./objs/Snmp_api.o
                0x0a01a8c0                SNMPGetSysObjectID
                0x0a01ad38                NAcheckCommunity
                0x0a01aa70                SNMPGetSysName
                0x0a01a9ac                SNMPSetSysContact
                0x0a01aed4                NAgetEnableSnmp
                0x0a01aafc                SNMPSetSysName
                0x0a01ad20                SNMPGetSysServices
                0x0a01a778                snmpd_load
                0x0a01ac50                SNMPSetSysLocation
                0x0a01abc0                SNMPGetSysLocation
                0x0a01a920                SNMPGetSysContact
                0x0a01a904                SNMPGetSysDescr
 .text          0x0a01aeec      0x220 ./objs/configNotification.o
                0x0a01af28                configChangeNotification
                0x0a01aff4                configNotification
                0x0a01aeec                configErrorNotification
 .text          0x0a01b10c      0x288 ./objs/atmel.o
                0x0a01b1e4                askAtmelForStringValue
                0x0a01b10c                askAtmelForUnsignedValue
                0x0a01b2c4                askAtmelForIPAddressValue
 .text          0x0a01b394      0x850 ./objs/EDFAWelcomePage_v.o
                0x0a01b9fc                getIPManager4
                0x0a01b394                getEARRtcTime_temp
                0x0a01b498                postProcessTheForm
                0x0a01b78c                SetOutputPowerSetpointValue
                0x0a01b814                getIPManager1
                0x0a01b8b8                getIPManager2
                0x0a01b7d0                SetOutputPower2SetpointValue
                0x0a01b42c                getearDigiTelnetTimeout_temp
                0x0a01bb44                getIPManager6
                0x0a01baa0                getIPManager5
                0x0a01b958                getIPManager3
 .text          0x0a01bbe4       0x48 ./objs/security.o
                0x0a01bbe4                RpHSInitSecurityTable
 .text          0x0a01bc2c       0x54 ./objs/cgi.o
                0x0a01bc2c                RpUserExitInit
                0x0a01bc64                RpExternalCgi
                0x0a01bc4c                RpUserExitDeInit
 .text          0x0a01bc80      0x20c ./objs/file.o
                0x0a01bd34                RpHSCloseFileStatus
                0x0a01bcb8                RpHSCreateFile
                0x0a01bd10                RpHSCloseFile
                0x0a01bdf0                RpHSOpenFileStatus
                0x0a01be24                RpHSReadFile
                0x0a01be4c                RpHSReadFileStatus
                0x0a01bca0                RpHSCloseFileSystem
                0x0a01bdcc                RpHSOpenFile
                0x0a01bce0                RpHSCreateFileStatus
                0x0a01bc80                RpHSOpenFileSystem
                0x0a01bd8c                RpHSWriteFileStatus
                0x0a01bd64                RpHSWriteFile
 .text          0x0a01be8c      0x988 ./objs/naftpapp.o
                0x0a01c6f8                ftp_init_flash_download
 .text          0x0a01c814       0xb0 ../../../../lib/32b/gnu/crt0.o
                0x0a01c814                _mainCRTStartup
                0x0a01c814                _start
                0x0a01c814                start
 .text          0x0a01c8c4       0x98 /usr/lib/gcc-lib/arm-elf/3.2/be/libgcc.a(_udivsi3.o)
                0x0a01c8c4                __udivsi3
 .text          0x0a01c95c       0xc0 /usr/lib/gcc-lib/arm-elf/3.2/be/libgcc.a(_umodsi3.o)
                0x0a01c95c                __umodsi3
 .text          0x0a01ca1c        0x4 /usr/lib/gcc-lib/arm-elf/3.2/be/libgcc.a(_dvmd_tls.o)
                0x0a01ca1c                __div0
 .text          0x0a01ca20      0x300 /usr/lib/gcc-lib/arm-elf/3.2/be/libgcc.a(_addsub_sf.o)
                0x0a01cc74                __subsf3
                0x0a01cc1c                __addsf3
 .text          0x0a01cd20      0x1d4 /usr/lib/gcc-lib/arm-elf/3.2/be/libgcc.a(_div_sf.o)
                0x0a01cd20                __divsf3
 .text          0x0a01cef4       0x90 /usr/lib/gcc-lib/arm-elf/3.2/be/libgcc.a(_si_to_sf.o)
                0x0a01cef4                __floatsisf
 .text          0x0a01cf84       0x54 /usr/lib/gcc-lib/arm-elf/3.2/be/libgcc.a(_sf_to_df.o)
                0x0a01cf84                __extendsfdf2
 .text          0x0a01cfd8      0x310 /usr/lib/gcc-lib/arm-elf/3.2/be/libgcc.a(_div_df.o)
                0x0a01cfd8                __divdf3
 .text          0x0a01d2e8       0x40 /usr/lib/gcc-lib/arm-elf/3.2/be/libgcc.a(_make_df.o)
                0x0a01d2e8                __make_dp
 .text          0x0a01d328       0x6c /usr/lib/gcc-lib/arm-elf/3.2/be/libgcc.a(_df_to_sf.o)
                0x0a01d328                __truncdfsf2
 .text          0x0a01d394      0x168 /usr/lib/gcc-lib/arm-elf/3.2/be/libgcc.a(_pack_sf.o)
                0x0a01d394                __pack_f
 .text          0x0a01d4fc       0xa8 /usr/lib/gcc-lib/arm-elf/3.2/be/libgcc.a(_unpack_sf.o)
                0x0a01d4fc                __unpack_f
 .text          0x0a01d5a4       0x30 /usr/lib/gcc-lib/arm-elf/3.2/be/libgcc.a(_make_sf.o)
                0x0a01d5a4                __make_fp
 .text          0x0a01d5d4      0x294 /usr/lib/gcc-lib/arm-elf/3.2/be/libgcc.a(_pack_df.o)
                0x0a01d5d4                __pack_d
 .text          0x0a01d868      0x140 /usr/lib/gcc-lib/arm-elf/3.2/be/libgcc.a(_unpack_df.o)
                0x0a01d868                __unpack_d
 .text          0x0a01d9a8       0x50 /usr/lib/gcc-lib/arm-elf/3.2/be/libgcc.a(_lshrdi3.o)
                0x0a01d9a8                __lshrdi3
 .text          0x0a01d9f8       0x50 /usr/lib/gcc-lib/arm-elf/3.2/be/libgcc.a(_ashldi3.o)
                0x0a01d9f8                __ashldi3
 .text          0x0a01da48       0x10 ../../../../lib/32b/gnu/libc.a(atof.o)
                0x0a01da48                atof
 .text          0x0a01da58       0x14 ../../../../lib/32b/gnu/libc.a(atoi.o)
                0x0a01da58                atoi
 .text          0x0a01da6c       0x28 ../../../../lib/32b/gnu/libc.a(calloc.o)
                0x0a01da6c                calloc
 .text          0x0a01da94       0x90 ../../../../lib/32b/gnu/libc.a(callocr.o)
                0x0a01da94                _calloc_r
 .text          0x0a01db24       0xac ../../../../lib/32b/gnu/libc.a(exit.o)
                0x0a01db24                exit
 .text          0x0a01dbd0       0xe0 ../../../../lib/32b/gnu/libc.a(fflush.o)
                0x0a01dbd0                fflush
 .text          0x0a01dcb0      0x234 ../../../../lib/32b/gnu/libc.a(findfp.o)
                0x0a01de68                __sinit
                0x0a01dd10                __sfmoreglue
                0x0a01de50                _cleanup
                0x0a01de3c                _cleanup_r
                0x0a01dd74                __sfp
 .text          0x0a01dee4       0x6c ../../../../lib/32b/gnu/libc.a(fwalk.o)
                0x0a01dee4                _fwalk
 .text          0x0a01df50       0x14 ../../../../lib/32b/gnu/libc.a(isdigit.o)
                0x0a01df50                isdigit
 .text          0x0a01df64       0x14 ../../../../lib/32b/gnu/libc.a(isspace.o)
                0x0a01df64                isspace
 .text          0x0a01df78       0x1c ../../../../lib/32b/gnu/libc.a(lcltime.o)
                0x0a01df78                localtime
 .text          0x0a01df94       0x10 ../../../../lib/32b/gnu/libc.a(lcltime_r.o)
                0x0a01df94                localtime_r
 .text          0x0a01dfa4       0x40 ../../../../lib/32b/gnu/libc.a(malloc.o)
                0x0a01dfa4                malloc
                0x0a01dfc4                free
 .text          0x0a01dfe4      0x66c ../../../../lib/32b/gnu/libc.a(mallocr.o)
                0x0a01e1bc                _malloc_r
 .text          0x0a01e650       0x78 ../../../../lib/32b/gnu/libc.a(memcmp.o)
                0x0a01e650                memcmp
 .text          0x0a01e6c8       0xa4 ../../../../lib/32b/gnu/libc.a(memcpy.o)
                0x0a01e6c8                memcpy
 .text          0x0a01e76c       0x7c ../../../../lib/32b/gnu/libc.a(memset.o)
                0x0a01e76c                memset
 .text          0x0a01e7e8     0x1090 ../../../../lib/32b/gnu/libc.a(mktm_r.o)
                0x0a01f2b8                __tzcalc_limits
                0x0a01e7e8                _mktm_r
 .text          0x0a01f878       0x38 ../../../../lib/32b/gnu/libc.a(mlock.o)
                0x0a01f894                __malloc_unlock
                0x0a01f878                __malloc_lock
 .text          0x0a01f8b0       0x58 ../../../../lib/32b/gnu/libc.a(printf.o)
                0x0a01f8d4                printf
                0x0a01f8b0                _printf_r
 .text          0x0a01f908       0x3c ../../../../lib/32b/gnu/libc.a(rget.o)
                0x0a01f908                __srget
 .text          0x0a01f944       0x40 ../../../../lib/32b/gnu/libc.a(sbrkr.o)
                0x0a01f944                _sbrk_r
 .text          0x0a01f984       0xd8 ../../../../lib/32b/gnu/libc.a(snprintf.o)
                0x0a01f9ec                snprintf
                0x0a01f984                _snprintf_r
 .text          0x0a01fa5c       0xc0 ../../../../lib/32b/gnu/libc.a(sprintf.o)
                0x0a01fa5c                _sprintf_r
                0x0a01fab8                sprintf
 .text          0x0a01fb1c       0xf8 ../../../../lib/32b/gnu/libc.a(sscanf.o)
                0x0a01fb24                sscanf
                0x0a01fb98                _sscanf_r
 .text          0x0a01fc14      0x10c ../../../../lib/32b/gnu/libc.a(stdio.o)
                0x0a01fcc0                __sseek
                0x0a01fc14                __sread
                0x0a01fd0c                __sclose
                0x0a01fc60                __swrite
 .text          0x0a01fd20       0x7c ../../../../lib/32b/gnu/libc.a(strcat.o)
                0x0a01fd20                strcat
 .text          0x0a01fd9c       0xd0 ../../../../lib/32b/gnu/libc.a(strchr.o)
                0x0a01fd9c                strchr
 .text          0x0a01fe6c       0xc0 ../../../../lib/32b/gnu/libc.a(strcmp.o)
                0x0a01fe6c                strcmp
 .text          0x0a01ff2c       0x84 ../../../../lib/32b/gnu/libc.a(strcpy.o)
                0x0a01ff2c                strcpy
 .text          0x0a01ffb0       0x70 ../../../../lib/32b/gnu/libc.a(strlen.o)
                0x0a01ffb0                strlen
 .text          0x0a020020      0x110 ../../../../lib/32b/gnu/libc.a(strncmp.o)
                0x0a020020                strncmp
 .text          0x0a020130       0xf4 ../../../../lib/32b/gnu/libc.a(strncpy.o)
                0x0a020130                strncpy
 .text          0x0a020224       0x54 ../../../../lib/32b/gnu/libc.a(strstr.o)
                0x0a020224                strstr
 .text          0x0a020278      0xfe0 ../../../../lib/32b/gnu/libc.a(strtod.o)
                0x0a020278                _strtod_r
                0x0a0211fc                strtod
                0x0a021224                strtof
 .text          0x0a021258       0x20 ../../../../lib/32b/gnu/libc.a(strtok.o)
                0x0a021258                strtok
 .text          0x0a021278       0xe0 ../../../../lib/32b/gnu/libc.a(strtok_r.o)
                0x0a021348                strtok_r
                0x0a021278                __strtok_r
 .text          0x0a021358      0x1d4 ../../../../lib/32b/gnu/libc.a(strtol.o)
                0x0a0214fc                strtol
                0x0a021358                _strtol_r
 .text          0x0a02152c       0x28 ../../../../lib/32b/gnu/libc.a(tzlock.o)
                0x0a021540                __tz_unlock
                0x0a02152c                __tz_lock
 .text          0x0a021554      0x7e8 ../../../../lib/32b/gnu/libc.a(tzset_r.o)
                0x0a021554                _tzset_r
 .text          0x0a021d3c     0x1b0c ../../../../lib/32b/gnu/libc.a(vfprintf.o)
                0x0a021e94                _vfprintf_r
                0x0a021e2c                vfprintf
 .text          0x0a023848     0x1184 ../../../../lib/32b/gnu/libc.a(vfscanf.o)
                0x0a0238b0                __svfscanf
                0x0a0238e0                _vfscanf_r
                0x0a023848                vfscanf
                0x0a02490c                __sccl
                0x0a0238ec                __svfscanf_r
 .text          0x0a0249cc       0x4c ../../../../lib/32b/gnu/libc.a(writer.o)
                0x0a0249cc                _write_r
 .text          0x0a024a18      0x104 ../../../../lib/32b/gnu/libc.a(wsetup.o)
                0x0a024a18                __swsetup
 .text          0x0a024b1c     0x1a58 ../../../../lib/32b/gnu/libc.a(syscalls.o)
                0x0a0260dc                naTimeZoneInstall
                0x0a025d80                _getpid
                0x0a0263ec                ioctl
                0x0a024d80                initialise_monitor_handles
                0x0a026544                creat
                0x0a025e48                _fstat
                0x0a0258fc                _open
                0x0a025da0                _sbrk
                0x0a025f58                _raise
                0x0a0262e4                _times
                0x0a025e94                _stat
                0x0a026098                naTimeFunctionInstall
                0x0a0253a0                _lseek
                0x0a025f18                _link
                0x0a02547c                _swiwrite
                0x0a0263bc                _rename
                0x0a025238                _swilseek
                0x0a025b04                _swiclose
                0x0a025784                _swiopen
                0x0a025f30                _unlink
                0x0a0254ec                _write
                0x0a025d5c                _kill
                0x0a02622c                _gettimeofday
                0x0a024fac                _read
                0x0a025d28                _exit
                0x0a026514                mkdir
                0x0a026370                _system
                0x0a024f3c                _swiread
                0x0a025b8c                _close
 .text          0x0a026574       0x40 ../../../../lib/32b/gnu/libc.a(closer.o)
                0x0a026574                _close_r
 .text          0x0a0265b4     0x1650 ../../../../lib/32b/gnu/libc.a(dtoa.o)
                0x0a0267cc                _dtoa_r
 .text          0x0a027c04       0x10 ../../../../lib/32b/gnu/libc.a(errno.o)
                0x0a027c04                __errno
 .text          0x0a027c14       0xcc ../../../../lib/32b/gnu/libc.a(fread.o)
                0x0a027c14                fread
 .text          0x0a027ce0      0x374 ../../../../lib/32b/gnu/libc.a(freer.o)
                0x0a027ce0                _free_r
                0x0a027f40                _malloc_trim_r
 .text          0x0a028054      0x39c ../../../../lib/32b/gnu/libc.a(fvwrite.o)
                0x0a028054                __sfvwrite
 .text          0x0a0283f0      0x114 ../../../../lib/32b/gnu/libc.a(getenv_r.o)
                0x0a0283f0                _findenv_r
                0x0a0284e8                _getenv_r
 .text          0x0a028504       0xd8 ../../../../lib/32b/gnu/libc.a(locale.o)
                0x0a028504                _setlocale_r
                0x0a028580                __locale_charset
                0x0a028590                _localeconv_r
                0x0a02859c                setlocale
                0x0a0285c4                localeconv
 .text          0x0a0285dc       0x4c ../../../../lib/32b/gnu/libc.a(lseekr.o)
                0x0a0285dc                _lseek_r
 .text          0x0a028628      0x140 ../../../../lib/32b/gnu/libc.a(makebuf.o)
                0x0a028628                __smakebuf
 .text          0x0a028768       0x5c ../../../../lib/32b/gnu/libc.a(mbtowc_r.o)
                0x0a028768                _mbtowc_r
 .text          0x0a0287c4       0xd4 ../../../../lib/32b/gnu/libc.a(memchr.o)
                0x0a0287c4                memchr
 .text          0x0a028898       0xec ../../../../lib/32b/gnu/libc.a(memmove.o)
                0x0a028898                memmove
 .text          0x0a028984      0xc48 ../../../../lib/32b/gnu/libc.a(mprec.o)
                0x0a029564                _mprec_log10
                0x0a028be8                _hi0bits
                0x0a028984                _Balloc
                0x0a0293c8                _d2b
                0x0a028d14                _multiply
                0x0a0294e8                _ratio
                0x0a028b10                _s2b
                0x0a028cec                _i2b
                0x0a028c44                _lo0bits
                0x0a029108                __mcmp
                0x0a028f2c                _pow5mult
                0x0a02929c                _ulp
                0x0a029310                _b2d
                0x0a028a40                _multadd
                0x0a02915c                __mdiff
                0x0a029018                _lshift
                0x0a028a18                _Bfree
 .text          0x0a0295cc       0x4c ../../../../lib/32b/gnu/libc.a(readr.o)
                0x0a0295cc                _read_r
 .text          0x0a029618      0x4c8 ../../../../lib/32b/gnu/libc.a(reallocr.o)
                0x0a029618                _realloc_r
 .text          0x0a029ae0      0x19c ../../../../lib/32b/gnu/libc.a(reent.o)
                0x0a029ae0                cleanup_glue
                0x0a029b18                _reclaim_reent
                0x0a029c04                _wrapup_reent
 .text          0x0a029c7c      0x18c ../../../../lib/32b/gnu/libc.a(refill.o)
                0x0a029c9c                __srefill
 .text          0x0a029e08       0x2c ../../../../lib/32b/gnu/libc.a(s_isinf.o)
                0x0a029e08                isinf
 .text          0x0a029e34       0x20 ../../../../lib/32b/gnu/libc.a(s_isnan.o)
                0x0a029e34                isnan
 .text          0x0a029e54       0x50 ../../../../lib/32b/gnu/libc.a(setenv.o)
                0x0a029e84                unsetenv
                0x0a029e54                setenv
 .text          0x0a029ea4      0x4b4 ../../../../lib/32b/gnu/libc.a(setenv_r.o)
                0x0a02a2bc                _unsetenv_r
                0x0a029ea4                _setenv_r
 .text          0x0a02a358      0x1cc ../../../../lib/32b/gnu/libc.a(strtoul.o)
                0x0a02a4f4                strtoul
                0x0a02a358                _strtoul_r
 .text          0x0a02a524       0x1c ../../../../lib/32b/gnu/libc.a(sysopen.o)
                0x0a02a524                open
 .text          0x0a02a540       0x18 ../../../../lib/32b/gnu/libc.a(tzset.o)
                0x0a02a540                tzset
 .text          0x0a02a558      0x238 ../../../../lib/32b/gnu/libc.a(ungetc.o)
                0x0a02a618                ungetc
                0x0a02a558                __submore
 .text          0x0a02a790       0x18 ../../../../lib/32b/gnu/libc.a(bcopy.o)
                0x0a02a790                bcopy
 .text          0x0a02a7a8        0x8 ../../../../lib/32b/gnu/libc.a(envlock.o)
                0x0a02a7ac                __env_unlock
                0x0a02a7a8                __env_lock
 .text          0x0a02a7b0       0x48 ../../../../lib/32b/gnu/libc.a(fstatr.o)
                0x0a02a7b0                _fstat_r
 .text          0x0a02a7f8      0x64c /usr/lib/gcc-lib/arm-elf/3.2/be/libgcc.a(_udivdi3.o)
                0x0a02a7f8                __udivdi3
 .text          0x0a02ae44      0x654 /usr/lib/gcc-lib/arm-elf/3.2/be/libgcc.a(_umoddi3.o)
                0x0a02ae44                __umoddi3
 .text          0x0a02b498      0x478 /usr/lib/gcc-lib/arm-elf/3.2/be/libgcc.a(_addsub_df.o)
                0x0a02b7fc                __adddf3
                0x0a02b85c                __subdf3
 .text          0x0a02b910      0x474 /usr/lib/gcc-lib/arm-elf/3.2/be/libgcc.a(_mul_df.o)
                0x0a02b910                __muldf3
 .text          0x0a02bd84       0x9c /usr/lib/gcc-lib/arm-elf/3.2/be/libgcc.a(_eq_df.o)
                0x0a02bd84                __eqdf2
 .text          0x0a02be20       0x9c /usr/lib/gcc-lib/arm-elf/3.2/be/libgcc.a(_ne_df.o)
                0x0a02be20                __nedf2
 .text          0x0a02bebc       0x9c /usr/lib/gcc-lib/arm-elf/3.2/be/libgcc.a(_gt_df.o)
                0x0a02bebc                __gtdf2
 .text          0x0a02bf58       0x9c /usr/lib/gcc-lib/arm-elf/3.2/be/libgcc.a(_ge_df.o)
                0x0a02bf58                __gedf2
 .text          0x0a02bff4       0x9c /usr/lib/gcc-lib/arm-elf/3.2/be/libgcc.a(_lt_df.o)
                0x0a02bff4                __ltdf2
 .text          0x0a02c090       0x9c /usr/lib/gcc-lib/arm-elf/3.2/be/libgcc.a(_le_df.o)
                0x0a02c090                __ledf2
 .text          0x0a02c12c       0xc4 /usr/lib/gcc-lib/arm-elf/3.2/be/libgcc.a(_si_to_df.o)
                0x0a02c12c                __floatsidf
 .text          0x0a02c1f0       0xf4 /usr/lib/gcc-lib/arm-elf/3.2/be/libgcc.a(_df_to_si.o)
                0x0a02c1f0                __fixdfsi
 .text          0x0a02c2e4       0x5c /usr/lib/gcc-lib/arm-elf/3.2/be/libgcc.a(_negate_df.o)
                0x0a02c2e4                __negdf2
 .text          0x0a02c340      0x1b0 /usr/lib/gcc-lib/arm-elf/3.2/be/libgcc.a(_fpcmp_parts_df.o)
                0x0a02c340                __fpcmp_parts_d
 .text          0x0a02c4f0      0x104 ../../../../lib/32b/libbsp.a(bsp_api.o)
                0x0a02c5a0                NABspGetEepromInfo
                0x0a02c574                NATranslatePriorityLevel
                0x0a02c4f0                NABspFileSystemStartOffset
                0x0a02c520                NABspSerialPortType
 .text          0x0a02c5f4      0x24c ../../../../lib/32b/libbsp.a(nainet.o)
                0x0a02c740                NAInet_toa
                0x0a02c5f4                NAInet_addr
                0x0a02c7f0                NAIpAddress
 .text          0x0a02c840      0x1cc ../../../../lib/32b/libbsp.a(main.o)
                0x0a02c96c                main
 .text          0x0a02ca0c      0x1b4 ../../../../lib/32b/libbsp.a(errhndlr.o)
                0x0a02cb1c                customizeExceptionHandler
                0x0a02ca24                netosFatalError
                0x0a02ca8c                customizeErrorHandler
                0x0a02ca0c                netosBreakpoint
 .text          0x0a02cbc0      0x1f0 ../../../../lib/32b/libbsp.a(narmbrd.o)
                0x0a02cbd8                NABoardInit
                0x0a02cbc0                netosStartClocks
 .text          0x0a02cdb0      0x4f4 ../../../../lib/32b/libbsp.a(narmled.o)
                0x0a02d1f4                NALedGreenOff
                0x0a02d1dc                NALedGreenOn
                0x0a02d1ac                NALedRedOn
                0x0a02d1c4                NALedRedOff
                0x0a02cf38                NALedOff
                0x0a02d12c                NALedDoubleBlink
                0x0a02d20c                NALedBlinkRed
                0x0a02d0c0                NALedBlink
                0x0a02cdb0                NALedOn
                0x0a02d258                NALedBlinkGreen
 .text          0x0a02d2a4      0x1dc ../../../../lib/32b/libbsp.a(devices.o)
                0x0a02d2a4                DDIFirstLevelInitialize
                0x0a02d394                DDISecondLevelInitialize
 .text          0x0a02d480      0x330 ../../../../lib/32b/libbsp.a(flashnvrm.o)
                0x0a02d728                NANVBackupRead
                0x0a02d698                NANVBackupWrite
                0x0a02d480                NANVInit
                0x0a02d608                NANVmemset
                0x0a02d4f0                NANVWrite
                0x0a02d580                NANVRead
 .text          0x0a02d7b0      0xa7c ../../../../lib/32b/libbsp.a(sysAccess.o)
                0x0a02ddc0                NAgetSysAccess
                0x0a02e1fc                NARegisterTraceFailure
                0x0a02df2c                NACheckAuthentication
                0x0a02de60                NAChangePassword
                0x0a02da94                NAsetSysAccess
 .text          0x0a02e22c      0x8ac ../../../../lib/32b/libbsp.a(lpbkdev.o)
                0x0a02e22c                loopback_enter
                0x0a02e24c                loopback_init
                0x0a02e26c                loopback_open
                0x0a02e5b8                loopback_write
                0x0a02e7c8                loopback_ioctl
                0x0a02e3f8                loopback_read
                0x0a02e350                loopback_close
 .text          0x0a02ead8      0x47c ../../../../lib/32b/libbsp.a(nuldev.o)
                0x0a02ed84                nul_read
                0x0a02ef2c                nul_ioctl
                0x0a02eaf8                nul_init
                0x0a02eb18                nul_open
                0x0a02ee4c                nul_write
                0x0a02ead8                nul_enter
                0x0a02ec40                nul_close
 .text          0x0a02ef54      0x8ac ../../../../lib/32b/libbsp.a(nacache.o)
                0x0a02f078                NACacheEnable
                0x0a02f678                NACacheSetDefaults
                0x0a02ef54                naIceDebugger
                0x0a02ef90                NACacheIdentify
                0x0a02ef78                naSwDebugger
                0x0a02f650                NACacheRestore
                0x0a02f3e0                NACacheDisable
 .text          0x0a02f800      0x370 ../../../../lib/32b/libbsp.a(INIT.o)
                0x0a02f800                Undefined_Handler
                0x0a02fa74                NARamSetupAbortHandler
                0x0a02f80c                SWI_Handler
                0x0a02f82c                Abort_Handler
                0x0a02fa20                nccBurstTest
                0x0a02f864                Reset_Handler
                0x0a02f83c                Address_Error_Handler
                0x0a02f818                Prefetch_Handler
                0x0a02f864                Reset_Handler_ROM
                0x0a02f848                FIQ_Handler
                0x0a02fa80                NAFastMemoryTest
 .text          0x0a02fb70      0x170 ../../../../lib/32b/libbsp.a(IRQHAND.o)
                0x0a02fb70                IRQ_Handler
 .text          0x0a02fce0     0x1124 ../../../../lib/32b/libbsp.a(NCC_INIT.o)
                0x0a030184                nccDetermineRamType
                0x0a02fdf8                nccDetermineRamSize
                0x0a02fd0c                nccChipType
                0x0a02fce0                are_we_in_debugger
                0x0a030c08                ncc_init
                0x0a02ffdc                nccCopyCSSetup
 .text          0x0a030e04     0x6600 ../../../../lib/32b/libbsp.a(NCC_POST.o)
                0x0a036c80                cache_memory_test
                0x0a0370c4                ncc_post
 .text          0x0a037404      0x54c ../../../../lib/32b/libbsp.a(IRQREG.o)
                0x0a037404                init_irq_tables
                0x0a037574                register_irq_handler
 .text          0x0a037950      0x228 ../../../../lib/32b/libbsp.a(gpio.o)
                0x0a037b48                customizeRestart
                0x0a037a38                customizeSetupPortH
                0x0a037b14                customizeSetupLedTable
                0x0a037950                customizeSetupPortA
                0x0a037b64                customizeReset
                0x0a037a1c                customizeSetupPortG
                0x0a037a54                customizeReadPowerOnButtons
                0x0a037984                customizeSetupPortB
                0x0a0379e4                customizeSetupPortD
                0x0a0379a0                customizeSetupPortC
                0x0a037a00                customizeSetupPortF
 .text          0x0a037b78      0x738 ../../../../lib/32b/libbsp.a(cs.o)
                0x0a03825c                customizeSetupCS4
                0x0a037bec                customizeGetCSSize
                0x0a038208                customizeSetupCS3
                0x0a037b78                customizeGetScr
                0x0a037cc0                customizeSetupMMCR
                0x0a03809c                customizeSetupCS1
                0x0a037bc4                customizeCreateMask
                0x0a038150                customizeSetupCS2
                0x0a037ddc                customizeSetupCS0
                0x0a037c64                customizeGetRamSize
 .text          0x0a0382b0      0xb14 ../../../../lib/32b/libbsp.a(boardParams.o)
                0x0a038b6c                customizeReadDevBoardParams
                0x0a0384cc                NAConvertMacAddressString
                0x0a038c68                customizeWriteDevBoardParams
                0x0a0386f8                customizeUseDefaultParams
                0x0a038350                customizeGetMACAddress
                0x0a038d44                customizeSaveIPParameters
                0x0a038cd8                customizeGetIPParameters
                0x0a0382b0                NABoardParamsSetMalloc
                0x0a038410                convertHexDigit
                0x0a0383f0                customizeSetMACAddress
 .text          0x0a038dc4       0x3c ../../../../lib/32b/libbsp.a(blExe.o)
                0x0a038dc4                blExecuteImage
 .text          0x0a038e00      0x1c8 ../../../../lib/32b/libbsp.a(nawait.o)
                0x0a038f28                NAWait
                0x0a038fa0                NAWaitRestoreSleep
                0x0a038f80                NAWaitDisableSleep
                0x0a038f48                NAWaitSetSleepFn
 .text          0x0a038fc8      0x1cc ../../../../lib/32b/libbsp.a(nareset.o)
                0x0a039100                NAReset
 .text          0x0a039194     0x4d60 ../../../../lib/32b/libbsp.a(startfilesystem.o)
                0x0a03c8c4                filesystem_rmdir
                0x0a03d1b4                filesystem_lseek
                0x0a03ac6c                filesystem_mkdir
                0x0a03cc88                filesystem_rename
                0x0a039194                filesystem_init
                0x0a03c190                filesystem_read
                0x0a03ab38                filesystem_checkname
                0x0a03c4d4                filesystem_unlink
                0x0a03bd54                filesystem_write
                0x0a03b030                filesystem_open
                0x0a03b9e8                filesystem_close
 .text          0x0a03def4      0x4fc ../../../../lib/32b/libbsp.a(fbanks.o)
                0x0a03e1fc                SetFlashBankFlag
                0x0a03e344                GetFlashBankVersion
                0x0a03e2c0                GetFlashBankFlag
                0x0a03def4                LocateFlashBank
 .text          0x0a03e3f0     0x231c ../../../../lib/32b/libbsp.a(rtc.o)
                0x0a03eb30                rtcSet
                0x0a03f464                rtcReadExtraData
                0x0a03f2bc                rtcWriteExtraData
                0x0a03e8d4                rtcInitialize
                0x0a03f710                NAinstallRealTimeClockTime
                0x0a03f210                rtcDebugRevertVersion
                0x0a03ef24                rtcGet
 .text          0x0a04070c      0x434 ../../../../lib/32b/libbsp.a(termios.o)
                0x0a0409e8                tcgetcounters
                0x0a040900                cfgetospeed
                0x0a040890                tcflush
                0x0a040824                tcsendbreak
                0x0a040ad0                tcgetbuffers
                0x0a040954                cfgetispeed
                0x0a04085c                tcdrain
                0x0a040b08                tctxdone
                0x0a040978                cfsetispeed
                0x0a040a20                tcgetstats
                0x0a040924                cfsetospeed
                0x0a04070c                tcgetattr
                0x0a040a58                tcgetsigchange
                0x0a040a90                tcsetsignals
                0x0a0409a8                tcsendnow
                0x0a040744                tcsetattr
                0x0a0408c8                tcflow
 .text          0x0a040b40     0x7938 ../../../../lib/32b/libbsp.a(netos_serl.o)
                0x0a0462f0                netos_serlenter
                0x0a0468a4                netos_serlinit
                0x0a04839c                isatty
                0x0a046b58                netos_serlopen
                0x0a048428                serl_port_index
                0x0a047378                netos_serlread
                0x0a048110                netos_serlioctl
                0x0a046fc8                netos_serlclose
                0x0a0477a4                netos_serlwrite
 .text          0x0a048478      0xd04 ../../../../lib/32b/libbsp.a(NA_ISR.o)
                0x0a0487a4                NADisableIsr
                0x0a048e90                NAInitIsr
                0x0a048478                NAInstallIsr
                0x0a048588                NAUninstallIsr
                0x0a048d9c                NAIrqHandler
                0x0a04871c                NAEnableIsr
 .text          0x0a04917c      0x1b8 ../../../../lib/32b/libbsp.a(crc32h.o)
                0x0a0492d8                blCrc32
 .text          0x0a049334      0x60c ../../../../lib/32b/libbsp.a(udpdb.o)
                0x0a049334                workerEntry
                0x0a049510                udpdb_init
                0x0a0496ac                udpdb_read
                0x0a049610                udpdb_open
                0x0a049670                udpdb_close
                0x0a049784                udpdb_write
                0x0a0494f0                udpdb_enter
                0x0a049918                udpdb_ioctl
 .text          0x0a049940      0x110 ../../../../lib/32b/libbsp.a(bsp.o)
                0x0a0499f0                zero_bss
                0x0a049940                NAusesTheInternalOscillator
                0x0a0499b0                NAgetPllValueBasedOnChipType
 .text          0x0a049a50      0x8bc ../../../../lib/32b/libbsp.a(bsproot.o)
                0x0a04a278                decompress
                0x0a049ed8                netosStartup
                0x0a049a80                netosConfigStdio
                0x0a04a1a8                tx_application_define
 *fill*         0x0a04a30c        0x4
 .text          0x0a04a310     0x1290 ../../../../lib/32b/libbsp.a(armutils.o)
                0x0a04a310                fmemcpy
                0x0a04b548                NA4WordAlignedCompare
 .text          0x0a04b5a0      0x5a8 ../../../../lib/32b/libbsp.a(starttcp.o)
                0x0a04b65c                watchThisFileDescriptor
                0x0a04b638                timer_proc
                0x0a04b5a0                netosInterfaceUp
                0x0a04ba8c                NA_Rand
                0x0a04b71c                netosStartTCP
                0x0a04b5c0                tSelect
 .text          0x0a04bb48      0x504 ../../../../lib/32b/libbsp.a(bsptimer.o)
                0x0a04bed0                NADeltaTicks
                0x0a04bf88                NAT2Delay217uS
                0x0a04bce0                netosSetupAuxClock
                0x0a04be8c                NATotalTicks
                0x0a04bb48                netosSetupSystemClock
                0x0a04bf68                NAT2Init
 .text          0x0a04c04c      0x254 ../../../../lib/32b/libbsp.a(sysClock.o)
                0x0a04c04c                NAgetSysClkFreq
                0x0a04c1bc                NAgetXtalFreq
 .text          0x0a04c2a0     0x4020 ../../../../lib/32b/libbsp.a(hdlcdvr.o)
                0x0a04cbdc                naHdlcFrameSend
                0x0a04dbb0                hdlcRxIsr
                0x0a04c7c4                naHdlcOpen
                0x0a0501b0                GetResource
                0x0a04ea4c                naHdlcGetStats
                0x0a04c61c                HdlcInit
                0x0a04d2a4                hdlcTxIsr
                0x0a04eb0c                naHdlcIoctl
                0x0a04c9b0                naHdlcClose
                0x0a04c4c4                HdlcDebugBreak
                0x0a050260                ReleaseResource
                0x0a04d190                naHdlcFrameRecv
                0x0a04c4e0                naHdlcLoad
 .text          0x0a0502c0       0x4c ../../../../lib/32b/libbsp.a(na_init.o)
                0x0a0502dc                NASetFIQ
                0x0a0502f8                NADisableIRQFIQ
                0x0a0502c0                NASetIRQ
 .text          0x0a05030c     0x1210 ../../../../lib/32b/libbsp.a(aceParams.o)
                0x0a050fdc                customizeAceSetAutoipConfig
                0x0a0503ac                customizeAceGetConfig
                0x0a050e90                customizeAceSetBootpConfig
                0x0a050bf8                customizeAceSetStaticConfig
                0x0a050650                customizeAceGetDefaultConfig
                0x0a051128                customizeAceSetRarpConfig
                0x0a050980                customizeAceGetInterfaceConfig
                0x0a0504e8                customizeAceGetDefaultEthernetConfig
                0x0a050ab4                customizeAceSetInterfaceConfig
                0x0a0512f8                customizeAceFindUnusedInterfaceConfig
                0x0a050a18                customizeAceGetDefaultInterfaceConfig
                0x0a051088                customizeAceGetRarpConfig
                0x0a0511d4                customizeAceFindInterfaceConfig
                0x0a050b58                customizeAceGetStaticConfig
                0x0a050df0                customizeAceGetBootpConfig
                0x0a050ca4                customizeAceGetDhcpConfig
                0x0a05031c                aceInstallSemaphoreFunction
                0x0a050434                customizeAceSetConfig
                0x0a050f3c                customizeAceGetAutoipConfig
                0x0a050d44                customizeAceSetDhcpConfig
 .text          0x0a05151c     0x1f2c ../../../../lib/32b/libbsp.a(aceCallbacks.o)
                0x0a051728                customizeStopAce
                0x0a05151c                customizeAceGetInterfaceAddrInfo
                0x0a0516dc                customizeAceLostAddress
                0x0a052ef4                customizeAceClearInterfaceConfiguration
                0x0a051694                customizeAceHaveAnotherAddress
                0x0a052be8                customizeAceConfigureInterface
                0x0a05177c                customizeStartAce
                0x0a051600                customizeAceHaveAddress
 .text          0x0a053448      0x1e0 ../../../../lib/32b/libbsp.a(naip_global.o)
                0x0a0534f0                NAIpGetDefaultTcpTtl
                0x0a0535fc                NAIpGetIpForwarding
                0x0a053578                NAIpSetKaGarbage
                0x0a053448                NAIpSetDefaultIpTtl
                0x0a053510                NAIpSetKaInterval
                0x0a053540                NAIpGetKaInterval
                0x0a05348c                NAIpGetDefaultIpTtl
                0x0a0534ac                NAIpSetDefaultTcpTtl
                0x0a0535c4                NAIpSetIpForwarding
 .text          0x0a053628      0x3a0 ../../../../lib/32b/libbsp.a(naifconfig.o)
                0x0a053760                NAIfconfigBringDeviceUp
                0x0a053628                NAIfconfigIsDeviceUp
                0x0a0536b8                NAIfconfigDeviceFromInterface
                0x0a053808                NAIfconfigSetIpAddress
 .text          0x0a0539c8     0x14e8 ../../../../lib/32b/libbsp.a(dialog.o)
                0x0a053abc                customizeDialog
 .text          0x0a054eb0      0x158 ../../../../lib/32b/libbsp.a(flashutil.o)
                0x0a054f58                NAFlashTurnWriteOn
                0x0a054eb0                NAFlashIs16BitBase
                0x0a054f1c                NAFlashEnable
                0x0a054fd8                NAFlashGetTotalSegment
                0x0a054f98                NAFlashTurnWriteOff
                0x0a054ef4                NAFlashBase
 .text          0x0a055008      0x298 ../../../../lib/32b/libbsp.a(event_handler.o)
                0x0a055214                serl_cb_event
                0x0a055018                serl_cb_add
                0x0a055008                serl_cb_epoch
                0x0a055184                serl_cb_remove
 .text          0x0a0552a0      0x70c ../../../../lib/32b/libbsp.a(hdlcmem.o)
                0x0a055678                hdlcDeque
                0x0a055364                naHdlcFrameAlloc
                0x0a055548                hdlcEnque
                0x0a0552a0                hdlcInitFrames
                0x0a055454                naHdlcFrameFree
                0x0a0555c8                hdlcAddToQ
                0x0a05576c                hdlcFreeFrameQ
                0x0a0556ec                DeleteFrameQ
 .text          0x0a0559ac     0x59f0 ../../../../lib/32b/libflash.a(naflash.o)
                0x0a055acc                NAflash_write_local
                0x0a055a8c                NAflash_write
                0x0a059dd8                NAFlashSectors
                0x0a05a284                NAFlashEraseStatus
                0x0a05a0e0                NAFlashErase
                0x0a059e78                NAFlashSectorSizes
                0x0a059fb8                NAFlashSectorOffsets
                0x0a0559ac                doesNothing
                0x0a05a87c                NAFlashWrite
                0x0a05a72c                NAFlashWriteSector
                0x0a059d5c                NAFlashInit
                0x0a05a418                NAFlashRead
                0x0a0559c4                NAprogram_flash
 .text          0x0a05b39c      0x148 ../../../../lib/32b/libflash.a(naflsem.o)
                0x0a05b438                NAFlashCreateSemaphores
 .text          0x0a05b4e4       0x18 ../../../../lib/32b/libflash.a(LWRWord.o)
                0x0a05b4e4                ASMLWriteWord16
                0x0a05b4f0                ASMLWriteWord32
 .text          0x0a05b4fc      0x6c4 ../../../../lib/32b/libposix.a(posix_semaphore.o)
                0x0a05b6e4                sem_wait
                0x0a05b770                sem_post
                0x0a05b85c                search_semaphore
                0x0a05b5d0                sem_close
                0x0a05b658                sem_trywait
                0x0a05b978                add_new_semaphore
                0x0a05b4fc                sem_open
                0x0a05bad0                remove_samephore
                0x0a05b7f8                sem_getvalue
 .text          0x0a05bbc0      0xe48 ../../../../lib/32b/libposix.a(posix_thread.o)
                0x0a05bc84                pthread_attr_destroy
                0x0a05bd08                pthread_attr_getstacksize
                0x0a05bfc4                pthread_create
                0x0a05bbc0                pthread_attr_init
                0x0a05c3bc                pthread_exit
                0x0a05be1c                pthread_attr_getstackaddr
                0x0a05c388                pthread_equal
                0x0a05be74                pthread_attr_setstackaddr
                0x0a05bd60                pthread_attr_setstacksize
                0x0a05bf28                xpthread_attr_setname
                0x0a05c360                pthread_self
                0x0a05c4ec                posix_thread_start
                0x0a05c438                xpthread_set_priority
                0x0a05c524                clean_thread_entry
 .text          0x0a05ca08       0xbc ../../../../lib/32b/libtx.a(tx_ike.o)
                0x0a05ca08                _tx_initialize_kernel_enter
                0x0a05ca84                _tx_initialize_kernel_setup
 .text          0x0a05cac4      0x140 ../../../../lib/32b/libtx.a(tx_timi.o)
                0x0a05cac4                _tx_timer_initialize
 .text          0x0a05cc04      0x14c ../../../../lib/32b/libtx.a(tx_ti.o)
                0x0a05cc04                _tx_thread_initialize
 .text          0x0a05cd50      0x27c ../../../../lib/32b/libtx.a(tx_tc.o)
                0x0a05cd50                _tx_thread_create
 .text          0x0a05cfcc      0x2a0 ../../../../lib/32b/libtx.a(tx_tr.o)
                0x0a05cfcc                _tx_thread_resume
 .text          0x0a05d26c      0x370 ../../../../lib/32b/libtx.a(tx_tte.o)
                0x0a05d26c                _tx_timer_thread_entry
 .text          0x0a05d5dc      0x188 ../../../../lib/32b/libtx.a(tx_ta.o)
                0x0a05d5dc                _tx_timer_activate
 .text          0x0a05d764       0xdc ../../../../lib/32b/libtx.a(tx_tto.o)
                0x0a05d764                _tx_thread_timeout
 .text          0x0a05d840      0x134 ../../../../lib/32b/libtx.a(tx_tsle.o)
                0x0a05d840                _tx_thread_sleep
 .text          0x0a05d974       0x20 ../../../../lib/32b/libtx.a(tx_tide.o)
                0x0a05d974                _tx_thread_identify
 .text          0x0a05d994      0x144 ../../../../lib/32b/libtx.a(tx_gnu.o)
                0x0a05da6c                __gnu_funlock_file
                0x0a05da0c                __gnu_lock_init
                0x0a05da88                __gnu_ftrylock_file
                0x0a05d9b4                __gnuTZUnlock
                0x0a05dac0                __gnu_flock_destroy
                0x0a05daa8                __gnu_flock_create
                0x0a05d994                __gnuTZLock
                0x0a05d9f0                __gnuUnlock
                0x0a05da50                __gnu_flock_file
                0x0a05d9d0                __gnuLock
 .text          0x0a05dad8       0xe4 ../../../../lib/32b/libtx.a(txe_efc.o)
                0x0a05dad8                _txe_event_flags_create
 .text          0x0a05dbbc       0xfc ../../../../lib/32b/libtx.a(txe_efg.o)
                0x0a05dbbc                _txe_event_flags_get
 .text          0x0a05dcb8      0x17c ../../../../lib/32b/libtx.a(txe_qc.o)
                0x0a05dcb8                _txe_queue_create
 .text          0x0a05de34       0xd4 ../../../../lib/32b/libtx.a(txe_qr.o)
                0x0a05de34                _txe_queue_receive
 .text          0x0a05df08       0xd4 ../../../../lib/32b/libtx.a(txe_qs.o)
                0x0a05df08                _txe_queue_send
 .text          0x0a05dfdc       0xec ../../../../lib/32b/libtx.a(txe_sc.o)
                0x0a05dfdc                _txe_semaphore_create
 .text          0x0a05e0c8       0xb0 ../../../../lib/32b/libtx.a(txe_sd.o)
                0x0a05e0c8                _txe_semaphore_delete
 .text          0x0a05e178       0xb4 ../../../../lib/32b/libtx.a(txe_sg.o)
                0x0a05e178                _txe_semaphore_get
 .text          0x0a05e22c       0x60 ../../../../lib/32b/libtx.a(txe_sp.o)
                0x0a05e22c                _txe_semaphore_put
 .text          0x0a05e28c      0x1ac ../../../../lib/32b/libtx.a(txe_tc.o)
                0x0a05e28c                _txe_thread_create
 .text          0x0a05e438       0x98 ../../../../lib/32b/libtx.a(txe_tdel.o)
                0x0a05e438                _txe_thread_delete
 .text          0x0a05e4d0       0xc0 ../../../../lib/32b/libtx.a(txe_trpc.o)
                0x0a05e4d0                _txe_thread_priority_change
 .text          0x0a05e590       0x60 ../../../../lib/32b/libtx.a(txe_tra.o)
                0x0a05e590                _txe_thread_resume_api
 .text          0x0a05e5f0       0x98 ../../../../lib/32b/libtx.a(txe_tsa.o)
                0x0a05e5f0                _txe_thread_suspend_api
 .text          0x0a05e688       0x98 ../../../../lib/32b/libtx.a(txe_tt.o)
                0x0a05e688                _txe_thread_terminate
 .text          0x0a05e720       0x60 ../../../../lib/32b/libtx.a(txe_taa.o)
                0x0a05e720                _txe_timer_activate_api
 .text          0x0a05e780       0xb4 ../../../../lib/32b/libtx.a(txe_tmch.o)
                0x0a05e780                _txe_timer_change
 .text          0x0a05e834      0x148 ../../../../lib/32b/libtx.a(txe_tmcr.o)
                0x0a05e834                _txe_timer_create
 .text          0x0a05e97c       0x60 ../../../../lib/32b/libtx.a(txe_tda.o)
                0x0a05e97c                _txe_timer_deactivate_api
 .text          0x0a05e9dc       0xb0 ../../../../lib/32b/libtx.a(txe_timd.o)
                0x0a05e9dc                _txe_timer_delete
 .text          0x0a05ea8c      0x140 ../../../../lib/32b/libtx.a(TX_MC.o)
                0x0a05ea8c                _tx_mutex_create
 .text          0x0a05ebcc      0x2e0 ../../../../lib/32b/libtx.a(TX_MG.o)
                0x0a05ebcc                _tx_mutex_get
 .text          0x0a05eeac      0x43c ../../../../lib/32b/libtx.a(TX_MP.o)
                0x0a05eeac                _tx_mutex_put
 .text          0x0a05f2e8      0x194 ../../../../lib/32b/libtx.a(TX_MPRI.o)
                0x0a05f2e8                _tx_mutex_prioritize
 .text          0x0a05f47c      0x360 ../../../../lib/32b/libtx.a(TX_MPC.o)
                0x0a05f47c                _tx_mutex_priority_change
 .text          0x0a05f7dc      0x1cc ../../../../lib/32b/libtx.a(TX_MCLE.o)
                0x0a05f7dc                _tx_mutex_cleanup
 .text          0x0a05f9a8      0x110 ../../../../lib/32b/libtx.a(TXE_MC.o)
                0x0a05f9a8                _txe_mutex_create
 .text          0x0a05fab8       0xb4 ../../../../lib/32b/libtx.a(TXE_MG.o)
                0x0a05fab8                _txe_mutex_get
 .text          0x0a05fb6c       0x60 ../../../../lib/32b/libtx.a(TXE_MP.o)
                0x0a05fb6c                _txe_mutex_put
 *fill*         0x0a05fbcc        0x4
 .text          0x0a05fbd0       0x60 ../../../../lib/32b/libtx.a(tx_tsr.o)
                0x0a05fbd0                _tx_thread_system_return
 .text          0x0a05fc30       0x70 ../../../../lib/32b/libtx.a(tx_ts.o)
                0x0a05fc30                _tx_thread_schedule
 .text          0x0a05fca0      0x170 ../../../../lib/32b/libtx.a(tx_timin.o)
                0x0a05fca0                _tx_timer_interrupt
 .text          0x0a05fe10       0x90 ../../../../lib/32b/libtx.a(tx_ill.o)
                0x0a05fe60                __tx_irq_processing_return
                0x0a05fe5c                __tx_irq_handler
                0x0a05fe10                _tx_initialize_low_level
 .text          0x0a05fea0       0x70 ../../../../lib/32b/libtx.a(tx_tsb.o)
                0x0a05fea0                _tx_thread_stack_build
 .text          0x0a05ff10       0xb0 ../../../../lib/32b/libtx.a(tx_tcs.o)
                0x0a05ff10                _tx_thread_context_save
 .text          0x0a05ffc0       0xd8 ../../../../lib/32b/libtx.a(tx_ihl.o)
                0x0a05ffc0                _tx_initialize_high_level
 .text          0x0a060098       0xa4 ../../../../lib/32b/libtx.a(tx_tse.o)
                0x0a060098                _tx_thread_shell_entry
 .text          0x0a06013c      0x4a8 ../../../../lib/32b/libtx.a(tx_tsus.o)
                0x0a06013c                _tx_thread_suspend
 .text          0x0a0605e4      0x110 ../../../../lib/32b/libtx.a(tx_tsa.o)
                0x0a0605e4                _tx_thread_suspend_api
 .text          0x0a0606f4       0xfc ../../../../lib/32b/libtx.a(tx_tra.o)
                0x0a0606f4                _tx_thread_resume_api
 .text          0x0a0607f0      0x120 ../../../../lib/32b/libtx.a(tx_tts.o)
                0x0a0607f0                _tx_thread_time_slice
 .text          0x0a060910      0x120 ../../../../lib/32b/libtx.a(tx_tdel.o)
                0x0a060910                _tx_thread_delete
 .text          0x0a060a30      0x3c8 ../../../../lib/32b/libtx.a(tx_tprch.o)
                0x0a060a30                _tx_thread_priority_change
 .text          0x0a060df8      0x14c ../../../../lib/32b/libtx.a(tx_tt.o)
                0x0a060df8                _tx_thread_terminate
 .text          0x0a060f44      0x120 ../../../../lib/32b/libtx.a(tx_td.o)
                0x0a060f44                _tx_timer_deactivate
 .text          0x0a061064      0x16c ../../../../lib/32b/libtx.a(tx_timcr.o)
                0x0a061064                _tx_timer_create
 .text          0x0a0611d0       0x60 ../../../../lib/32b/libtx.a(tx_taa.o)
                0x0a0611d0                _tx_timer_activate_api
 .text          0x0a061230      0x23c ../../../../lib/32b/libtx.a(tx_tda.o)
                0x0a061230                _tx_timer_deactivate_api
 .text          0x0a06146c       0x80 ../../../../lib/32b/libtx.a(tx_timch.o)
                0x0a06146c                _tx_timer_change
 .text          0x0a0614ec      0x108 ../../../../lib/32b/libtx.a(tx_timd.o)
                0x0a0614ec                _tx_timer_delete
 .text          0x0a0615f4      0x134 ../../../../lib/32b/libtx.a(tx_sc.o)
                0x0a0615f4                _tx_semaphore_create
 .text          0x0a061728      0x224 ../../../../lib/32b/libtx.a(tx_sd.o)
                0x0a061728                _tx_semaphore_delete
 .text          0x0a06194c      0x1e4 ../../../../lib/32b/libtx.a(tx_sg.o)
                0x0a06194c                _tx_semaphore_get
 .text          0x0a061b30      0x17c ../../../../lib/32b/libtx.a(tx_sp.o)
                0x0a061b30                _tx_semaphore_put
 .text          0x0a061cac      0x1cc ../../../../lib/32b/libtx.a(tx_scle.o)
                0x0a061cac                _tx_semaphore_cleanup
 .text          0x0a061e78      0x24c ../../../../lib/32b/libtx.a(tx_qc.o)
                0x0a061e78                _tx_queue_create
 .text          0x0a0620c4      0x8dc ../../../../lib/32b/libtx.a(tx_qs.o)
                0x0a0620c4                _tx_queue_send
 .text          0x0a0629a0      0x980 ../../../../lib/32b/libtx.a(tx_qr.o)
                0x0a0629a0                _tx_queue_receive
 .text          0x0a063320      0x1ec ../../../../lib/32b/libtx.a(tx_qcle.o)
                0x0a063320                _tx_queue_cleanup
 .text          0x0a06350c      0x13c ../../../../lib/32b/libtx.a(tx_efc.o)
                0x0a06350c                _tx_event_flags_create
 .text          0x0a063648      0x29c ../../../../lib/32b/libtx.a(tx_efg.o)
                0x0a063648                _tx_event_flags_get
 .text          0x0a0638e4      0x1cc ../../../../lib/32b/libtx.a(tx_efcle.o)
                0x0a0638e4                _tx_event_flags_cleanup
 .text          0x0a063ab0      0x160 ../../../../lib/32b/libtx.a(tx_tcr.o)
                0x0a063ab0                _tx_thread_context_restore
 .text          0x0a063c10      0x86c ../../../../lib/32b/libmanapi.a(man_env.o)
                0x0a064190                manSetOctetString
                0x0a06426c                manSetWORD16
                0x0a0640f0                manSetINT32
                0x0a06421c                manSetWORD8
                0x0a063dc0                manGetWORD8
                0x0a063d78                manGetOctetString
                0x0a0642b8                manSetWORD32
                0x0a063c58                manGetINT8
                0x0a063e08                manGetWORD16
                0x0a064358                manSetUnknown
                0x0a063c10                manGetChar
                0x0a063e98                manGetWORD64
                0x0a063ca0                manGetINT16
                0x0a064004                manSetChar
                0x0a063ee0                manGetUnknown
                0x0a063ce8                manGetINT32
                0x0a063e50                manGetWORD32
                0x0a064304                manSetWORD64
                0x0a063d30                manGetINT64
                0x0a0640a4                manSetINT16
                0x0a06413c                manSetINT64
                0x0a064054                manSetINT8
 .text          0x0a06447c     0x1e78 ../../../../lib/32b/libmanapi.a(man_init.o)
                0x0a065f98                manAddVariableCallback
                0x0a0645c8                manDecVarAccessCounter
                0x0a0649bc                manGetVariableTypeSize
                0x0a0661c4                manDeleteVariableCallback
                0x0a065758                manAddVariableList
                0x0a064550                manIncVarAccessCounter
                0x0a066230                manUnregisterChangeFn
                0x0a066284                manRegisterChangeFn
                0x0a065c44                manDeleteVariableList
                0x0a064c40                manSetVariableTypeSize
                0x0a0644f8                manLockSemaphore
                0x0a06465c                manUnlockSemaphore
 .text          0x0a0662f4      0x638 ../../../../lib/32b/libmanapi.a(hash.o)
                0x0a0662f4                hash
 .text          0x0a06692c     0x1eb8 ../../../../lib/32b/libmanapi.a(man_row.o)
                0x0a06751c                manFindRowByNumericIndex
                0x0a066ac8                manCalculateBoundaryOffset
                0x0a06708c                manCopyRow
                0x0a066f78                manCopyOctetString
                0x0a06745c                manFindRow
                0x0a067e30                manGetSnmpRow
                0x0a067740                manDeleteSnmpRow
                0x0a066b80                manFreeRow
                0x0a0675d8                manFindRowBySnmpIndex
                0x0a066dc4                manAllocRow
                0x0a0680ec                manGetSnmpRowPos
                0x0a068324                manSetSnmpRow
                0x0a067294                manInsertRow
                0x0a067a54                manInsertSnmpRow
                0x0a067384                manDeleteRow
                0x0a06692c                manCheckRowFieldSize
 .text          0x0a0687e4     0x13c4 ../../../../lib/32b/libmanapi.a(man_main.o)
                0x0a06894c                manFindVar
                0x0a06915c                manSetVar
                0x0a069918                manGetArray
                0x0a0688e8                manUnlockAllSemaphores
                0x0a068f28                manGetVar
                0x0a068e50                manDoArrayCallback
                0x0a068d48                manDoCallback
                0x0a069604                manSetArray
                0x0a068b14                computeAccessPointer
                0x0a0693f8                manGetVariableInfo
                0x0a0687e4                manLockAllSemaphores
 .text          0x0a069ba8      0x4a0 ../../../../lib/32b/libftpsvr.a(ftposp.o)
                0x0a069f10                FSStartServer
                0x0a069ba8                naftp_timer_function
                0x0a069d40                naftp_check_timer
                0x0a069bd8                naftp_start_timer
 .text          0x0a06a048     0x52dc ../../../../lib/32b/libftpsvr.a(ftpsvr.o)
                0x0a06f264                FSGetNumberOfUser
                0x0a06a578                naftp_init_config
                0x0a06aa4c                naftp_init_socket
                0x0a06d358                naftp_cmd_list
                0x0a06efa0                FSHandleToSocket
                0x0a06e944                FSRegisterSYST
                0x0a06e800                FSRegisterNLST
                0x0a06edb8                FSRegisterAdditionalCMD
                0x0a06babc                naftp_process_pasv
                0x0a06f198                FSTimeout
                0x0a06ec08                FSRegisterPWD
                0x0a06f064                FSHandleToControlSocket
                0x0a06d704                naftp_cmd_rnfr
                0x0a06ed4c                FSRegisterRNTO
                0x0a06cb2c                naftp_init_select
                0x0a06e62c                FSProperties
                0x0a06ece0                FSRegisterRNFR
                0x0a06c264                naftp_parse
                0x0a06d8bc                naftp_cmd_mkd
                0x0a06f150                FSUserName
                0x0a06da80                naftp_cmd_dele
                0x0a06ea60                FSRegisterValidation
                0x0a06db58                naftp_cmd_cwd
                0x0a06ec74                FSRegisterCDUP
                0x0a06d62c                naftp_cmd_cdup
                0x0a06d99c                naftp_cmd_rmd
                0x0a06b650                naftp_process_user
                0x0a06a4f0                naftp_record_error
                0x0a06bcf8                naftp_user_data
                0x0a06b618                naftp_graceful_exit
                0x0a06f2ac                FSGetAccessCode
                0x0a06b540                naftp_reset_cntlsock
                0x0a06e794                FSRegisterLIST
                0x0a06f108                FSSequenceNumber
                0x0a06df14                naftp_resolve_user
                0x0a06e728                FSRegisterCWD
                0x0a06e594                naftp_data_connections
                0x0a06cf70                naftp_cmd_stor
                0x0a06eac4                FSRegisterMKD
                0x0a06a514                na_init_sockaddr
                0x0a06dd10                naftp_resolve_cmd
                0x0a06b94c                naftp_process_port
                0x0a06a474                naftp_client_start
                0x0a06b180                naftp_split_command
                0x0a06d544                naftp_cmd_pwd
                0x0a06c918                naftp_prepare_user
                0x0a06d7e4                naftp_cmd_rnto
                0x0a06aef0                naftp_send_reply
                0x0a06b844                naftp_process_password
                0x0a06b41c                naftp_reset_datasock
                0x0a06ee68                FSAddUser
                0x0a06eb30                FSRegisterRMD
                0x0a06ee24                FSInitialize
                0x0a06eb9c                FSRegisterDELE
                0x0a06dc44                naftp_cmd_syst
                0x0a06e86c                FSRegisterRETR
                0x0a06e9b0                FSRegisterDataClose
                0x0a06a108                NAFTP_server
                0x0a06d238                naftp_cmd_retr
                0x0a06be40                naftp_process_data
                0x0a06e8d8                FSRegisterSTOR
                0x0a06ea08                FSRegisterControlClose
 .text          0x0a06f324     0x1a3c ../../../../lib/32b/libtelnsvr.a(ts_mod.o)
                0x0a07022c                TSSendData
                0x0a070c18                TSgetSessionUsername
                0x0a070454                TSSendString
                0x0a06f7c0                TSGetPortId
                0x0a070cbc                TSgetSessionPassword
                0x0a070820                TSSetClientOption
                0x0a07049c                TSSetServerOption
                0x0a06fe60                TSStartPort
                0x0a070110                TSStopPort
                0x0a06fbfc                TSClosePort
                0x0a06f324                ts_getbuf_default
                0x0a070b1c                TSCloseSession
                0x0a06f8b0                TSOpenPort
                0x0a06f3c4                TSInitServer
 .text          0x0a070d60     0x2f10 ../../../../lib/32b/libtelnsvr.a(telnetd2.o)
                0x0a072fec                send_string
                0x0a073c28                Putc
                0x0a0738f0                get_data
                0x0a070d60                telnetd
                0x0a071ff8                DoTTFSM
                0x0a071510                new_check_for_client_logins
                0x0a072df8                end_session
                0x0a0735c8                get_string
                0x0a073038                get_option
                0x0a0722dc                ts_clean_port
                0x0a072fa8                send_data
                0x0a073180                ReadAByte
                0x0a072d80                telnet_free_session_info
                0x0a0720cc                ts_init_port
                0x0a071d14                Validate_UserandPass
                0x0a072d60                telnet_init_login
 .text          0x0a073c70      0x250 ../../../../lib/32b/libtelnsvr.a(fsminit.o)
                0x0a073c70                fsminit
 .text          0x0a073ec0      0x384 ../../../../lib/32b/libtelnsvr.a(ttgetc.o)
                0x0a073ec0                ttgetc
 .text          0x0a074244       0x74 ../../../../lib/32b/libtelnsvr.a(will_not.o)
                0x0a074244                will_notsup
 .text          0x0a0742b8      0x1e0 ../../../../lib/32b/libtelnsvr.a(do_echo.o)
                0x0a0742b8                do_echo
                0x0a0743a8                will_echo
 .text          0x0a074498      0x1e0 ../../../../lib/32b/libtelnsvr.a(do_noga.o)
                0x0a074588                will_noga
                0x0a074498                do_noga
 .text          0x0a074678       0x74 ../../../../lib/32b/libtelnsvr.a(do_notsu.o)
                0x0a074678                do_notsup
 .text          0x0a0746ec      0x1e0 ../../../../lib/32b/libtelnsvr.a(do_txbin.o)
                0x0a0746ec                do_txbinary
                0x0a0747dc                will_txbinary
 .text          0x0a0748cc       0x2c ../../../../lib/32b/libtelnsvr.a(tcga.o)
                0x0a0748cc                tcga
 .text          0x0a0748f8       0x70 ../../../../lib/32b/libtelnsvr.a(recopt.o)
                0x0a0748f8                recopt
                0x0a074948                no_op
 .text          0x0a074968      0x234 ../../../../lib/32b/libdnsclnt.a(dnsc_api.o)
                0x0a0749ec                DNSGetServers
                0x0a074968                DNSAddServer
                0x0a0749ac                DNSRemoveServer
                0x0a074ad8                DNSgethostbyname
 .text          0x0a074b9c      0xc84 ../../../../lib/32b/libfastip.a(fast_ip.o)
                0x0a075148                isUdpExpressPacket
                0x0a074c6c                fip_registerPortAutoReply
                0x0a0752a4                prepareExpressReply
                0x0a074d40                fip_deregisterPort
                0x0a075084                fastip_ip_down
                0x0a075588                fip_checkForNewPackets
                0x0a074b9c                fip_registerPortProcessingRtn
                0x0a074e78                expressInit
                0x0a074ff0                fastip_ip_up
                0x0a075208                executeAppProcessingFn
                0x0a074e48                expressFree
 .text          0x0a075820      0xf6c ../../../../lib/32b/libtcpip.a(ace.o)
                0x0a075994                aceAddressEvent
                0x0a075de0                aceTask
                0x0a07582c                aceStart
                0x0a075820                aceInitialize
                0x0a075d80                aceInterfaceName
                0x0a0758ec                aceStop
 .text          0x0a07678c      0x1d8 ../../../../lib/32b/libtcpip.a(ace_os.o)
                0x0a0768d8                aceTimeout
                0x0a0768b8                aceSetTime
                0x0a076908                aceWaitOnEvent
                0x0a07691c                aceTriggerEvent
                0x0a07678c                ace_initialize
                0x0a07693c                aceIsAceThread
                0x0a0768a8                aceGetTime
 .text          0x0a076964      0x6f8 ../../../../lib/32b/libtcpip.a(ace_dhcp.o)
                0x0a076964                ace_start_dhcp
                0x0a076f00                ace_get_dhcp_addr_info
                0x0a076d4c                ace_get_bootp_dhcp_ip_options
                0x0a076a38                ace_release_dhcp_addr
                0x0a076a4c                ace_stop_dhcp
                0x0a076b78                ace_get_bootp_dhcp_options
 .text          0x0a07705c      0x12c ../../../../lib/32b/libtcpip.a(ace_bootp.o)
                0x0a07705c                ace_start_bootp
                0x0a0770e4                ace_get_bootp_addr_info
                0x0a0770c8                ace_stop_bootp
 .text          0x0a077188      0x164 ../../../../lib/32b/libtcpip.a(ace_autoip.o)
                0x0a077188                ace_start_autoip
                0x0a077238                ace_get_autoip_addr_info
                0x0a0771fc                ace_stop_autoip
 .text          0x0a0772ec       0xa8 ../../../../lib/32b/libtcpip.a(ace_static.o)
                0x0a077340                ace_get_static_addr_info
                0x0a077338                ace_stop_static
                0x0a0772ec                ace_start_static
 .text          0x0a077394      0x11c ../../../../lib/32b/libtcpip.a(ace_rarp.o)
                0x0a0773f8                ace_stop_rarp
                0x0a077394                ace_start_rarp
                0x0a077434                ace_get_rarp_addr_info